Archive member included to satisfy reference by file (symbol)

C:/ti/ccs1270/simplelink_cc32xx_sdk_7_10_00_13/source\ti/drivers/lib/gcc/m4/drivers_cc32xx.a(GPIO.c.obj)
                              ./gpiointerrupt.o (GPIO_setCallback)
C:/ti/ccs1270/simplelink_cc32xx_sdk_7_10_00_13/source\ti/drivers/lib/gcc/m4/drivers_cc32xx.a(GPIOCC32XX.c.obj)
                              ./gpiointerrupt.o (GPIO_enableInt)
C:/ti/ccs1270/simplelink_cc32xx_sdk_7_10_00_13/source\ti/drivers/lib/gcc/m4/drivers_cc32xx.a(I2C.c.obj)
                              ./gpiointerrupt.o (I2C_init)
C:/ti/ccs1270/simplelink_cc32xx_sdk_7_10_00_13/source\ti/drivers/lib/gcc/m4/drivers_cc32xx.a(I2CCC32XX.c.obj)
                              C:/ti/ccs1270/simplelink_cc32xx_sdk_7_10_00_13/source\ti/drivers/lib/gcc/m4/drivers_cc32xx.a(I2C.c.obj) (I2CSupport_primeTransfer)
C:/ti/ccs1270/simplelink_cc32xx_sdk_7_10_00_13/source\ti/drivers/lib/gcc/m4/drivers_cc32xx.a(PowerCC32XX.c.obj)
                              ./syscfg/ti_drivers_config.o (Power_init)
C:/ti/ccs1270/simplelink_cc32xx_sdk_7_10_00_13/source\ti/drivers/lib/gcc/m4/drivers_cc32xx.a(PowerCC32XX_gcc.asm.obj)
                              C:/ti/ccs1270/simplelink_cc32xx_sdk_7_10_00_13/source\ti/drivers/lib/gcc/m4/drivers_cc32xx.a(PowerCC32XX.c.obj) (PowerCC32XX_enterLPDS)
C:/ti/ccs1270/simplelink_cc32xx_sdk_7_10_00_13/source\ti/drivers/lib/gcc/m4/drivers_cc32xx.a(Timer.c.obj)
                              ./gpiointerrupt.o (Timer_init)
C:/ti/ccs1270/simplelink_cc32xx_sdk_7_10_00_13/source\ti/drivers/lib/gcc/m4/drivers_cc32xx.a(TimerCC32XX.c.obj)
                              ./gpiointerrupt.o (Timer_open)
C:/ti/ccs1270/simplelink_cc32xx_sdk_7_10_00_13/source\ti/drivers/lib/gcc/m4/drivers_cc32xx.a(UART2.c.obj)
                              ./gpiointerrupt.o (UART2_Params_init)
C:/ti/ccs1270/simplelink_cc32xx_sdk_7_10_00_13/source\ti/drivers/lib/gcc/m4/drivers_cc32xx.a(UART2CC32XX.c.obj)
                              ./gpiointerrupt.o (UART2_open)
C:/ti/ccs1270/simplelink_cc32xx_sdk_7_10_00_13/source\ti/drivers/lib/gcc/m4/drivers_cc32xx.a(List.c.obj)
                              C:/ti/ccs1270/simplelink_cc32xx_sdk_7_10_00_13/source\ti/drivers/lib/gcc/m4/drivers_cc32xx.a(PowerCC32XX.c.obj) (List_put)
C:/ti/ccs1270/simplelink_cc32xx_sdk_7_10_00_13/source\ti/drivers/lib/gcc/m4/drivers_cc32xx.a(RingBuf.c.obj)
                              C:/ti/ccs1270/simplelink_cc32xx_sdk_7_10_00_13/source\ti/drivers/lib/gcc/m4/drivers_cc32xx.a(UART2CC32XX.c.obj) (RingBuf_construct)
C:/ti/ccs1270/simplelink_cc32xx_sdk_7_10_00_13/source\ti/drivers/lib/gcc/m4/drivers_cc32xx.a(UDMACC32XX.c.obj)
                              C:/ti/ccs1270/simplelink_cc32xx_sdk_7_10_00_13/source\ti/drivers/lib/gcc/m4/drivers_cc32xx.a(UART2CC32XX.c.obj) (UDMACC32XX_close)
C:/ti/ccs1270/simplelink_cc32xx_sdk_7_10_00_13/kernel/nortos\lib/gcc/m4/nortos_cc32xx.a(NoRTOS.c.obj)
                              ./main_nortos.o (NoRTOS_start)
C:/ti/ccs1270/simplelink_cc32xx_sdk_7_10_00_13/kernel/nortos\lib/gcc/m4/nortos_cc32xx.a(SemaphoreP_nortos.c.obj)
                              C:/ti/ccs1270/simplelink_cc32xx_sdk_7_10_00_13/source\ti/drivers/lib/gcc/m4/drivers_cc32xx.a(I2CCC32XX.c.obj) (SemaphoreP_constructBinary)
C:/ti/ccs1270/simplelink_cc32xx_sdk_7_10_00_13/kernel/nortos\lib/gcc/m4/nortos_cc32xx.a(ClockPSysTick_nortos.c.obj)
                              C:/ti/ccs1270/simplelink_cc32xx_sdk_7_10_00_13/kernel/nortos\lib/gcc/m4/nortos_cc32xx.a(SemaphoreP_nortos.c.obj) (ClockP_add)
C:/ti/ccs1270/simplelink_cc32xx_sdk_7_10_00_13/kernel/nortos\lib/gcc/m4/nortos_cc32xx.a(HwiPCC32XX_nortos.c.obj)
                              C:/ti/ccs1270/simplelink_cc32xx_sdk_7_10_00_13/kernel/nortos\lib/gcc/m4/nortos_cc32xx.a(NoRTOS.c.obj) (HwiP_enable)
C:/ti/ccs1270/simplelink_cc32xx_sdk_7_10_00_13/kernel/nortos\lib/gcc/m4/nortos_cc32xx.a(PowerCC32XX_nortos.c.obj)
                              ./syscfg/ti_drivers_config.o (PowerCC32XX_initPolicy)
C:/ti/ccs1270/simplelink_cc32xx_sdk_7_10_00_13/kernel/nortos\lib/gcc/m4/nortos_cc32xx.a(startup_cc32xx_gcc.c.obj)
                              (resetISR)
C:/ti/ccs1270/simplelink_cc32xx_sdk_7_10_00_13/kernel/nortos\lib/gcc/m4/nortos_cc32xx.a(SwiP_nortos.c.obj)
                              C:/ti/ccs1270/simplelink_cc32xx_sdk_7_10_00_13/kernel/nortos\lib/gcc/m4/nortos_cc32xx.a(PowerCC32XX_nortos.c.obj) (SwiP_disable)
C:/ti/ccs1270/simplelink_cc32xx_sdk_7_10_00_13/source\ti/devices/cc32xx/driverlib/gcc/Release/driverlib.a(cpu.obj)
                              C:/ti/ccs1270/simplelink_cc32xx_sdk_7_10_00_13/kernel/nortos\lib/gcc/m4/nortos_cc32xx.a(HwiPCC32XX_nortos.c.obj) (CPUprimask)
C:/ti/ccs1270/simplelink_cc32xx_sdk_7_10_00_13/source\ti/devices/cc32xx/driverlib/gcc/Release/driverlib.a(gpio.obj)
                              C:/ti/ccs1270/simplelink_cc32xx_sdk_7_10_00_13/source\ti/drivers/lib/gcc/m4/drivers_cc32xx.a(GPIOCC32XX.c.obj) (GPIODirModeSet)
[...]
Memory Configuration

Name             Origin             Length             Attributes
SRAM             0x20004000         0x0003c000         xrw
LOG_DATA         0x90000000         0x00040000         r
LOG_PTR          0x94000008         0x00040000         r
*default*        0x00000000         0xffffffff

Linker script and memory map

LOAD ./gpiointerrupt.o
LOAD ./syscfg/ti_drivers_config.o
LOAD ./main_nortos.o
                0x00001000                STACKSIZE = 0x1000
                0x00008000                HEAP_SIZE = 0x8000
                0x20004000                PROVIDE (_resetVecs_base_address = DEFINED (_resetVecs_base_address)?_resetVecs_base_address:0x20004000)

.resetVecs      0x20004000       0x40
 *(.resetVecs)
 .resetVecs     0x20004000       0x40 C:/ti/ccs1270/simplelink_cc32xx_sdk_7_10_00_13/kernel/nortos\lib/gcc/m4/nortos_cc32xx.a(startup_cc32xx_gcc.c.obj)

.ramVecs        0x20004400      0x30c
 *(.ramVecs)
 .ramVecs       0x20004400      0x30c C:/ti/ccs1270/simplelink_cc32xx_sdk_7_10_00_13/kernel/nortos\lib/gcc/m4/nortos_cc32xx.a(startup_cc32xx_gcc.c.obj)

.text           0x20004710     0x69c0
 CREATE_OBJECT_SYMBOLS
 *(.text)
 .text          0x20004710       0x98 C:/ti/ccs1270/simplelink_cc32xx_sdk_7_10_00_13/source\ti/drivers/lib/gcc/m4/drivers_cc32xx.a(PowerCC32XX_gcc.asm.obj)
                0x20004710                PowerCC32XX_enterLPDS
                0x20004754                PowerCC32XX_resumeLPDS
 .text          0x200047a8      0x254 c:/ti/ccs1220/ccs/tools/compiler/gcc-arm-none-eabi-9-2019-q4-major/bin/../lib/gcc/arm-none-eabi/9.2.1/thumb/v7e-m/nofp\libgcc.a(_arm_muldf3.o)
                0x200047a8                __muldf3
                0x200047a8                __aeabi_dmul
 .text          0x200049fc      0x378 c:/ti/ccs1220/ccs/tools/compiler/gcc-arm-none-eabi-9-2019-q4-major/bin/../lib/gcc/arm-none-eabi/9.2.1/thumb/v7e-m/nofp\libgcc.a(_arm_addsubdf3.o)
                0x200049fc                __aeabi_drsub
                0x20004a04                __aeabi_dsub
                0x20004a04                __subdf3
                0x20004a08                __aeabi_dadd
                0x20004a08                __adddf3
                0x20004c80                __floatunsidf
                0x20004c80                __aeabi_ui2d
                0x20004ca0                __floatsidf
                0x20004ca0                __aeabi_i2d
                0x20004cc4                __aeabi_f2d
                0x20004cc4                __extendsfdf2
                0x20004d08                __floatundidf
                0x20004d08                __aeabi_ul2d
                0x20004d18                __floatdidf
                0x20004d18                __aeabi_l2d
 .text          0x20004d74       0x50 c:/ti/ccs1220/ccs/tools/compiler/gcc-arm-none-eabi-9-2019-q4-major/bin/../lib/gcc/arm-none-eabi/9.2.1/thumb/v7e-m/nofp\libgcc.a(_arm_fixdfsi.o)
                0x20004d74                __aeabi_d2iz
                0x20004d74                __fixdfsi
 .text          0x20004dc4       0x30 c:/ti/ccs1220/ccs/tools/compiler/gcc-arm-none-eabi-9-2019-q4-major/bin/../lib/gcc/arm-none-eabi/9.2.1/thumb/v7e-m/nofp\libgcc.a(_aeabi_uldivmod.o)
                0x20004dc4                __aeabi_uldivmod
 .text          0x20004df4      0x2c0 c:/ti/ccs1220/ccs/tools/compiler/gcc-arm-none-eabi-9-2019-q4-major/bin/../lib/gcc/arm-none-eabi/9.2.1/thumb/v7e-m/nofp\libgcc.a(_udivmoddi4.o)
                0x20004df4                __udivmoddi4
 .text          0x200050b4        0x4 c:/ti/ccs1220/ccs/tools/compiler/gcc-arm-none-eabi-9-2019-q4-major/bin/../lib/gcc/arm-none-eabi/9.2.1/thumb/v7e-m/nofp\libgcc.a(_dvmd_tls.o)
                0x200050b4                __aeabi_idiv0
                0x200050b4                __aeabi_ldiv0
 *fill*         0x200050b8        0x8 
 .text          0x200050c0       0xa0 C:/ti/ccs1220/ccs/tools/compiler/gcc-arm-none-eabi-9-2019-q4-major/arm-none-eabi/lib/thumb/v7e-m/nofp\libc_nano.a(lib_a-memchr.o)
                0x200050c0                memchr
 *(.text.*)
 .text.buttonIncreaseTempCallback
                0x20005160        0xc ./gpiointerrupt.o
                0x20005160                buttonIncreaseTempCallback
 .text.buttonDecreaseTempCallback
                0x2000516c        0xc ./gpiointerrupt.o
                0x2000516c                buttonDecreaseTempCallback
 .text.timerCallback
                0x20005178        0xc ./gpiointerrupt.o
                0x20005178                timerCallback
 .text.adjustTempThreshold
                0x20005184       0x40 ./gpiointerrupt.o
                0x20005184                adjustTempThreshold
 .text.controlHeatingSystem
                0x200051c4       0x90 ./gpiointerrupt.o
                0x200051c4                controlHeatingSystem
 .text.updateRoomTemperature
                0x20005254       0xb4 ./gpiointerrupt.o
                0x20005254                updateRoomTemperature
 .text.initSerial
                0x20005308       0x30 ./gpiointerrupt.o
                0x20005308                initSerial
 .text.initI2C  0x20005338      0x1b8 ./gpiointerrupt.o
                0x20005338                initI2C
 .text.initGPIO
                0x200054f0       0x5c ./gpiointerrupt.o
                0x200054f0                initGPIO
 .text.initTimer
                0x2000554c       0x48 ./gpiointerrupt.o
                0x2000554c                initTimer
 .text.mainThread
                0x20005594       0x70 ./gpiointerrupt.o
                0x20005594                mainThread
 .text.dmaErrorFxn
                0x20005604        0xc ./syscfg/ti_drivers_config.o
 .text.Board_initHook
                0x20005610        0x4 ./syscfg/ti_drivers_config.o
                0x20005610                Board_initHook
 .text.Board_init
                0x20005614       0x14 ./syscfg/ti_drivers_config.o
                0x20005614                Board_init
 .text.startup.main
                0x20005628       0x14 ./main_nortos.o
                0x20005628                main
 .text.GPIO_setCallback
                0x2000563c       0x1c C:/ti/ccs1270/simplelink_cc32xx_sdk_7_10_00_13/source\ti/drivers/lib/gcc/m4/drivers_cc32xx.a(GPIO.c.obj)
                0x2000563c                GPIO_setCallback
 .text.GPIO_hwiIntFxn
                0x20005658       0x54 C:/ti/ccs1270/simplelink_cc32xx_sdk_7_10_00_13/source\ti/drivers/lib/gcc/m4/drivers_cc32xx.a(GPIOCC32XX.c.obj)
                0x20005658                GPIO_hwiIntFxn
 .text.GPIO_enableInt
                0x200056ac       0x44 C:/ti/ccs1270/simplelink_cc32xx_sdk_7_10_00_13/source\ti/drivers/lib/gcc/m4/drivers_cc32xx.a(GPIOCC32XX.c.obj)
                0x200056ac                GPIO_enableInt
 .text.GPIO_setInterruptConfig
                0x200056f0       0x9c C:/ti/ccs1270/simplelink_cc32xx_sdk_7_10_00_13/source\ti/drivers/lib/gcc/m4/drivers_cc32xx.a(GPIOCC32XX.c.obj)
                0x200056f0                GPIO_setInterruptConfig
 .text.GPIO_setConfig
                0x2000578c      0x160 C:/ti/ccs1270/simplelink_cc32xx_sdk_7_10_00_13/source\ti/drivers/lib/gcc/m4/drivers_cc32xx.a(GPIOCC32XX.c.obj)
                0x2000578c                GPIO_setConfig
 .text.GPIO_init
                0x200058ec       0xa0 C:/ti/ccs1270/simplelink_cc32xx_sdk_7_10_00_13/source\ti/drivers/lib/gcc/m4/drivers_cc32xx.a(GPIOCC32XX.c.obj)
                0x200058ec                GPIO_init
 .text.powerNotifyFxn
                0x2000598c       0x84 C:/ti/ccs1270/simplelink_cc32xx_sdk_7_10_00_13/source\ti/drivers/lib/gcc/m4/drivers_cc32xx.a(GPIOCC32XX.c.obj)
 .text.GPIO_write
                0x20005a10       0x8c C:/ti/ccs1270/simplelink_cc32xx_sdk_7_10_00_13/source\ti/drivers/lib/gcc/m4/drivers_cc32xx.a(GPIOCC32XX.c.obj)
                0x20005a10                GPIO_write
 .text.I2C_init
                0x20005a9c        0x4 C:/ti/ccs1270/simplelink_cc32xx_sdk_7_10_00_13/source\ti/drivers/lib/gcc/m4/drivers_cc32xx.a(I2C.c.obj)
                0x20005a9c                I2C_init
 .text.I2C_Params_init
                0x20005aa0        0xc C:/ti/ccs1270/simplelink_cc32xx_sdk_7_10_00_13/source\ti/drivers/lib/gcc/m4/drivers_cc32xx.a(I2C.c.obj)
                0x20005aa0                I2C_Params_init
 .text.I2C_transferTimeout
                0x20005aac      0x150 C:/ti/ccs1270/simplelink_cc32xx_sdk_7_10_00_13/source\ti/drivers/lib/gcc/m4/drivers_cc32xx.a(I2C.c.obj)
                0x20005aac                I2C_transferTimeout
 .text.I2C_transfer
                0x20005bfc       0x14 C:/ti/ccs1270/simplelink_cc32xx_sdk_7_10_00_13/source\ti/drivers/lib/gcc/m4/drivers_cc32xx.a(I2C.c.obj)
                0x20005bfc                I2C_transfer
 .text.I2CCC32XX_blockingCallback
                0x20005c10        0x8 C:/ti/ccs1270/simplelink_cc32xx_sdk_7_10_00_13/source\ti/drivers/lib/gcc/m4/drivers_cc32xx.a(I2CCC32XX.c.obj)
 .text.I2CCC32XX_primeReadBurst.isra.0
                0x20005c18       0x74 C:/ti/ccs1270/simplelink_cc32xx_sdk_7_10_00_13/source\ti/drivers/lib/gcc/m4/drivers_cc32xx.a(I2CCC32XX.c.obj)
 .text.I2CCC32XX_initHw.isra.0
                0x20005c8c       0x70 C:/ti/ccs1270/simplelink_cc32xx_sdk_7_10_00_13/source\ti/drivers/lib/gcc/m4/drivers_cc32xx.a(I2CCC32XX.c.obj)
 .text.I2CCC32XX_postNotify
                0x20005cfc       0x10 C:/ti/ccs1270/simplelink_cc32xx_sdk_7_10_00_13/source\ti/drivers/lib/gcc/m4/drivers_cc32xx.a(I2CCC32XX.c.obj)
 .text.I2CCC32XX_primeWriteBurst
                0x20005d0c       0xac C:/ti/ccs1270/simplelink_cc32xx_sdk_7_10_00_13/source\ti/drivers/lib/gcc/m4/drivers_cc32xx.a(I2CCC32XX.c.obj)
 .text.I2CCC32XX_completeTransfer
                0x20005db8      0x108 C:/ti/ccs1270/simplelink_cc32xx_sdk_7_10_00_13/source\ti/drivers/lib/gcc/m4/drivers_cc32xx.a(I2CCC32XX.c.obj)
 .text.I2CCC32XX_hwiFxn
                0x20005ec0      0x1a8 C:/ti/ccs1270/simplelink_cc32xx_sdk_7_10_00_13/source\ti/drivers/lib/gcc/m4/drivers_cc32xx.a(I2CCC32XX.c.obj)
 .text.I2CSupport_primeTransfer
                0x20006068       0x70 C:/ti/ccs1270/simplelink_cc32xx_sdk_7_10_00_13/source\ti/drivers/lib/gcc/m4/drivers_cc32xx.a(I2CCC32XX.c.obj)
                0x20006068                I2CSupport_primeTransfer
 .text.I2CSupport_controllerFinish
                0x200060d8        0x8 C:/ti/ccs1270/simplelink_cc32xx_sdk_7_10_00_13/source\ti/drivers/lib/gcc/m4/drivers_cc32xx.a(I2CCC32XX.c.obj)
                0x200060d8                I2CSupport_controllerFinish
 .text.I2CSupport_powerRelConstraint
                0x200060e0        0x8 C:/ti/ccs1270/simplelink_cc32xx_sdk_7_10_00_13/source\ti/drivers/lib/gcc/m4/drivers_cc32xx.a(I2CCC32XX.c.obj)
                0x200060e0                I2CSupport_powerRelConstraint
 .text.I2CSupport_powerSetConstraint
                0x200060e8        0x8 C:/ti/ccs1270/simplelink_cc32xx_sdk_7_10_00_13/source\ti/drivers/lib/gcc/m4/drivers_cc32xx.a(I2CCC32XX.c.obj)
                0x200060e8                I2CSupport_powerSetConstraint
 .text.I2C_open
                0x200060f0      0x10c C:/ti/ccs1270/simplelink_cc32xx_sdk_7_10_00_13/source\ti/drivers/lib/gcc/m4/drivers_cc32xx.a(I2CCC32XX.c.obj)
                0x200060f0                I2C_open
 .text.Power_disablePolicy
                0x200061fc       0x14 C:/ti/ccs1270/simplelink_cc32xx_sdk_7_10_00_13/source\ti/drivers/lib/gcc/m4/drivers_cc32xx.a(PowerCC32XX.c.obj)
                0x200061fc                Power_disablePolicy
 .text.Power_enablePolicy
                0x20006210       0x10 C:/ti/ccs1270/simplelink_cc32xx_sdk_7_10_00_13/source\ti/drivers/lib/gcc/m4/drivers_cc32xx.a(PowerCC32XX.c.obj)
                0x20006210                Power_enablePolicy
 .text.Power_getConstraintMask
                0x20006220        0xc C:/ti/ccs1270/simplelink_cc32xx_sdk_7_10_00_13/source\ti/drivers/lib/gcc/m4/drivers_cc32xx.a(PowerCC32XX.c.obj)
                0x20006220                Power_getConstraintMask
 .text.Power_getTransitionLatency
                0x2000622c       0x14 C:/ti/ccs1270/simplelink_cc32xx_sdk_7_10_00_13/source\ti/drivers/lib/gcc/m4/drivers_cc32xx.a(PowerCC32XX.c.obj)
                0x2000622c                Power_getTransitionLatency
 .text.Power_idleFunc
                0x20006240       0x14 C:/ti/ccs1270/simplelink_cc32xx_sdk_7_10_00_13/source\ti/drivers/lib/gcc/m4/drivers_cc32xx.a(PowerCC32XX.c.obj)
                0x20006240                Power_idleFunc
 .text.Power_init
                0x20006254       0xd8 C:/ti/ccs1270/simplelink_cc32xx_sdk_7_10_00_13/source\ti/drivers/lib/gcc/m4/drivers_cc32xx.a(PowerCC32XX.c.obj)
                0x20006254                Power_init
 .text.Power_registerNotify
                0x2000632c       0x24 C:/ti/ccs1270/simplelink_cc32xx_sdk_7_10_00_13/source\ti/drivers/lib/gcc/m4/drivers_cc32xx.a(PowerCC32XX.c.obj)
                0x2000632c                Power_registerNotify
 .text.Power_releaseConstraint
                0x20006350       0x4c C:/ti/ccs1270/simplelink_cc32xx_sdk_7_10_00_13/source\ti/drivers/lib/gcc/m4/drivers_cc32xx.a(PowerCC32XX.c.obj)
                0x20006350                Power_releaseConstraint
 .text.Power_releaseDependency
                0x2000639c       0x54 C:/ti/ccs1270/simplelink_cc32xx_sdk_7_10_00_13/source\ti/drivers/lib/gcc/m4/drivers_cc32xx.a(PowerCC32XX.c.obj)
                0x2000639c                Power_releaseDependency
 .text.Power_setConstraint
                0x200063f0       0x38 C:/ti/ccs1270/simplelink_cc32xx_sdk_7_10_00_13/source\ti/drivers/lib/gcc/m4/drivers_cc32xx.a(PowerCC32XX.c.obj)
                0x200063f0                Power_setConstraint
 .text.Power_setDependency
                0x20006428       0x78 C:/ti/ccs1270/simplelink_cc32xx_sdk_7_10_00_13/source\ti/drivers/lib/gcc/m4/drivers_cc32xx.a(PowerCC32XX.c.obj)
                0x20006428                Power_setDependency
 .text.Power_sleep
                0x200064a0      0x554 C:/ti/ccs1270/simplelink_cc32xx_sdk_7_10_00_13/source\ti/drivers/lib/gcc/m4/drivers_cc32xx.a(PowerCC32XX.c.obj)
                0x200064a0                Power_sleep
 .text.Power_unregisterNotify
                0x200069f4       0x20 C:/ti/ccs1270/simplelink_cc32xx_sdk_7_10_00_13/source\ti/drivers/lib/gcc/m4/drivers_cc32xx.a(PowerCC32XX.c.obj)
                0x200069f4                Power_unregisterNotify
 .text.PowerCC32XX_getParkState
                0x20006a14       0x38 C:/ti/ccs1270/simplelink_cc32xx_sdk_7_10_00_13/source\ti/drivers/lib/gcc/m4/drivers_cc32xx.a(PowerCC32XX.c.obj)
                0x20006a14                PowerCC32XX_getParkState
 .text.PowerCC32XX_restoreParkState
                0x20006a4c       0x30 C:/ti/ccs1270/simplelink_cc32xx_sdk_7_10_00_13/source\ti/drivers/lib/gcc/m4/drivers_cc32xx.a(PowerCC32XX.c.obj)
                0x20006a4c                PowerCC32XX_restoreParkState
 .text.PowerCC32XX_setParkState
                0x20006a7c       0x64 C:/ti/ccs1270/simplelink_cc32xx_sdk_7_10_00_13/source\ti/drivers/lib/gcc/m4/drivers_cc32xx.a(PowerCC32XX.c.obj)
                0x20006a7c                PowerCC32XX_setParkState
 .text.PowerCC32XX_reset
                0x20006ae0       0x20 C:/ti/ccs1270/simplelink_cc32xx_sdk_7_10_00_13/source\ti/drivers/lib/gcc/m4/drivers_cc32xx.a(PowerCC32XX.c.obj)
                0x20006ae0                PowerCC32XX_reset
 .text.Timer_init
                0x20006b00        0x4 C:/ti/ccs1270/simplelink_cc32xx_sdk_7_10_00_13/source\ti/drivers/lib/gcc/m4/drivers_cc32xx.a(Timer.c.obj)
                0x20006b00                Timer_init
 .text.Timer_Params_init
                0x20006b04       0x10 C:/ti/ccs1270/simplelink_cc32xx_sdk_7_10_00_13/source\ti/drivers/lib/gcc/m4/drivers_cc32xx.a(Timer.c.obj)
                0x20006b04                Timer_Params_init
 .text.Timer_start
                0x20006b14       0x48 C:/ti/ccs1270/simplelink_cc32xx_sdk_7_10_00_13/source\ti/drivers/lib/gcc/m4/drivers_cc32xx.a(Timer.c.obj)
                0x20006b14                Timer_start
 .text.Timer_stop
                0x20006b5c       0x44 C:/ti/ccs1270/simplelink_cc32xx_sdk_7_10_00_13/source\ti/drivers/lib/gcc/m4/drivers_cc32xx.a(Timer.c.obj)
                0x20006b5c                Timer_stop
 .text.TimerCC32XX_hwiIntFunction
                0x20006ba0       0x38 C:/ti/ccs1270/simplelink_cc32xx_sdk_7_10_00_13/source\ti/drivers/lib/gcc/m4/drivers_cc32xx.a(TimerCC32XX.c.obj)
 .text.postNotifyFxn
                0x20006bd8       0x58 C:/ti/ccs1270/simplelink_cc32xx_sdk_7_10_00_13/source\ti/drivers/lib/gcc/m4/drivers_cc32xx.a(TimerCC32XX.c.obj)
 .text.Timer_close
                0x20006c30       0xb4 C:/ti/ccs1270/simplelink_cc32xx_sdk_7_10_00_13/source\ti/drivers/lib/gcc/m4/drivers_cc32xx.a(TimerCC32XX.c.obj)
                0x20006c30                Timer_close
 .text.Timer_open
                0x20006ce4      0x284 C:/ti/ccs1270/simplelink_cc32xx_sdk_7_10_00_13/source\ti/drivers/lib/gcc/m4/drivers_cc32xx.a(TimerCC32XX.c.obj)
                0x20006ce4                Timer_open
 .text.TimerSupport_timerDisable
                0x20006f68       0x28 C:/ti/ccs1270/simplelink_cc32xx_sdk_7_10_00_13/source\ti/drivers/lib/gcc/m4/drivers_cc32xx.a(TimerCC32XX.c.obj)
                0x20006f68                TimerSupport_timerDisable
 .text.TimerSupport_timerEnable
                0x20006f90       0x50 C:/ti/ccs1270/simplelink_cc32xx_sdk_7_10_00_13/source\ti/drivers/lib/gcc/m4/drivers_cc32xx.a(TimerCC32XX.c.obj)
                0x20006f90                TimerSupport_timerEnable
 .text.UART2_Params_init
                0x20006fe0       0x1c C:/ti/ccs1270/simplelink_cc32xx_sdk_7_10_00_13/source\ti/drivers/lib/gcc/m4/drivers_cc32xx.a(UART2.c.obj)
                0x20006fe0                UART2_Params_init
 .text.UART2_rxDisable
                0x20006ffc       0x40 C:/ti/ccs1270/simplelink_cc32xx_sdk_7_10_00_13/source\ti/drivers/lib/gcc/m4/drivers_cc32xx.a(UART2.c.obj)
                0x20006ffc                UART2_rxDisable
 .text.UART2_writeTimeoutBlocking
                0x2000703c      0x174 C:/ti/ccs1270/simplelink_cc32xx_sdk_7_10_00_13/source\ti/drivers/lib/gcc/m4/drivers_cc32xx.a(UART2.c.obj)
                0x2000703c                UART2_writeTimeoutBlocking
 .text.UART2_writeTimeoutNonblocking
                0x200071b0      0x124 C:/ti/ccs1270/simplelink_cc32xx_sdk_7_10_00_13/source\ti/drivers/lib/gcc/m4/drivers_cc32xx.a(UART2.c.obj)
                0x200071b0                UART2_writeTimeoutNonblocking
 .text.UART2_writeTimeout
                0x200072d4       0x18 C:/ti/ccs1270/simplelink_cc32xx_sdk_7_10_00_13/source\ti/drivers/lib/gcc/m4/drivers_cc32xx.a(UART2.c.obj)
                0x200072d4                UART2_writeTimeout
 .text.UART2_write
                0x200072ec       0x14 C:/ti/ccs1270/simplelink_cc32xx_sdk_7_10_00_13/source\ti/drivers/lib/gcc/m4/drivers_cc32xx.a(UART2.c.obj)
                0x200072ec                UART2_write
 .text.UART2CC32XX_eventCallback
                0x20007300        0x4 C:/ti/ccs1270/simplelink_cc32xx_sdk_7_10_00_13/source\ti/drivers/lib/gcc/m4/drivers_cc32xx.a(UART2CC32XX.c.obj)
 .text.UART2CC32XX_initHw.isra.0
                0x20007304       0xd4 C:/ti/ccs1270/simplelink_cc32xx_sdk_7_10_00_13/source\ti/drivers/lib/gcc/m4/drivers_cc32xx.a(UART2CC32XX.c.obj)
 .text.UART2CC32XX_postNotifyFxn
                0x200073d8       0x10 C:/ti/ccs1270/simplelink_cc32xx_sdk_7_10_00_13/source\ti/drivers/lib/gcc/m4/drivers_cc32xx.a(UART2CC32XX.c.obj)
 .text.UART2_close
                0x200073e8      0x100 C:/ti/ccs1270/simplelink_cc32xx_sdk_7_10_00_13/source\ti/drivers/lib/gcc/m4/drivers_cc32xx.a(UART2CC32XX.c.obj)
                0x200073e8                UART2_close
 .text.UART2_open
                0x200074e8      0x250 C:/ti/ccs1270/simplelink_cc32xx_sdk_7_10_00_13/source\ti/drivers/lib/gcc/m4/drivers_cc32xx.a(UART2CC32XX.c.obj)
                0x200074e8                UART2_open
 .text.UART2Support_disableRx
                0x20007738       0x24 C:/ti/ccs1270/simplelink_cc32xx_sdk_7_10_00_13/source\ti/drivers/lib/gcc/m4/drivers_cc32xx.a(UART2CC32XX.c.obj)
                0x20007738                UART2Support_disableRx
 .text.UART2Support_disableTx
                0x2000775c        0xc C:/ti/ccs1270/simplelink_cc32xx_sdk_7_10_00_13/source\ti/drivers/lib/gcc/m4/drivers_cc32xx.a(UART2CC32XX.c.obj)
                0x2000775c                UART2Support_disableTx
 .text.UART2Support_dmaStartTx
                0x20007768       0xbc C:/ti/ccs1270/simplelink_cc32xx_sdk_7_10_00_13/source\ti/drivers/lib/gcc/m4/drivers_cc32xx.a(UART2CC32XX.c.obj)
                0x20007768                UART2Support_dmaStartTx
 .text.UART2Support_dmaStopRx
                0x20007824       0x50 C:/ti/ccs1270/simplelink_cc32xx_sdk_7_10_00_13/source\ti/drivers/lib/gcc/m4/drivers_cc32xx.a(UART2CC32XX.c.obj)
                0x20007824                UART2Support_dmaStopRx
 .text.UART2Support_dmaStartRx
                0x20007874       0xd4 C:/ti/ccs1270/simplelink_cc32xx_sdk_7_10_00_13/source\ti/drivers/lib/gcc/m4/drivers_cc32xx.a(UART2CC32XX.c.obj)
                0x20007874                UART2Support_dmaStartRx
 .text.UART2Support_dmaStopTx
                0x20007948       0x64 C:/ti/ccs1270/simplelink_cc32xx_sdk_7_10_00_13/source\ti/drivers/lib/gcc/m4/drivers_cc32xx.a(UART2CC32XX.c.obj)
                0x20007948                UART2Support_dmaStopTx
 .text.UART2CC32XX_hwiIntFxn
                0x200079ac      0x2d0 C:/ti/ccs1270/simplelink_cc32xx_sdk_7_10_00_13/source\ti/drivers/lib/gcc/m4/drivers_cc32xx.a(UART2CC32XX.c.obj)
 .text.UART2Support_enableTx
                0x20007c7c        0xc C:/ti/ccs1270/simplelink_cc32xx_sdk_7_10_00_13/source\ti/drivers/lib/gcc/m4/drivers_cc32xx.a(UART2CC32XX.c.obj)
                0x20007c7c                UART2Support_enableTx
 .text.UART2Support_powerRelConstraint
                0x20007c88        0x8 C:/ti/ccs1270/simplelink_cc32xx_sdk_7_10_00_13/source\ti/drivers/lib/gcc/m4/drivers_cc32xx.a(UART2CC32XX.c.obj)
                0x20007c88                UART2Support_powerRelConstraint
 .text.UART2Support_sendData
                0x20007c90       0x2c C:/ti/ccs1270/simplelink_cc32xx_sdk_7_10_00_13/source\ti/drivers/lib/gcc/m4/drivers_cc32xx.a(UART2CC32XX.c.obj)
                0x20007c90                UART2Support_sendData
 .text.UART2Support_txDone
                0x20007cbc       0x10 C:/ti/ccs1270/simplelink_cc32xx_sdk_7_10_00_13/source\ti/drivers/lib/gcc/m4/drivers_cc32xx.a(UART2CC32XX.c.obj)
                0x20007cbc                UART2Support_txDone
 .text.List_put
                0x20007ccc       0x2c C:/ti/ccs1270/simplelink_cc32xx_sdk_7_10_00_13/source\ti/drivers/lib/gcc/m4/drivers_cc32xx.a(List.c.obj)
                0x20007ccc                List_put
 .text.List_remove
                0x20007cf8       0x30 C:/ti/ccs1270/simplelink_cc32xx_sdk_7_10_00_13/source\ti/drivers/lib/gcc/m4/drivers_cc32xx.a(List.c.obj)
                0x20007cf8                List_remove
 .text.RingBuf_construct
                0x20007d28       0x14 C:/ti/ccs1270/simplelink_cc32xx_sdk_7_10_00_13/source\ti/drivers/lib/gcc/m4/drivers_cc32xx.a(RingBuf.c.obj)
                0x20007d28                RingBuf_construct
 .text.RingBuf_getConsume
                0x20007d3c       0x30 C:/ti/ccs1270/simplelink_cc32xx_sdk_7_10_00_13/source\ti/drivers/lib/gcc/m4/drivers_cc32xx.a(RingBuf.c.obj)
                0x20007d3c                RingBuf_getConsume
 .text.RingBuf_getCount
                0x20007d6c        0x4 C:/ti/ccs1270/simplelink_cc32xx_sdk_7_10_00_13/source\ti/drivers/lib/gcc/m4/drivers_cc32xx.a(RingBuf.c.obj)
                0x20007d6c                RingBuf_getCount
 .text.RingBuf_getPointer
                0x20007d70       0x28 C:/ti/ccs1270/simplelink_cc32xx_sdk_7_10_00_13/source\ti/drivers/lib/gcc/m4/drivers_cc32xx.a(RingBuf.c.obj)
                0x20007d70                RingBuf_getPointer
 .text.RingBuf_put
                0x20007d98       0x48 C:/ti/ccs1270/simplelink_cc32xx_sdk_7_10_00_13/source\ti/drivers/lib/gcc/m4/drivers_cc32xx.a(RingBuf.c.obj)
                0x20007d98                RingBuf_put
 .text.RingBuf_putAdvance
                0x20007de0       0x3c C:/ti/ccs1270/simplelink_cc32xx_sdk_7_10_00_13/source\ti/drivers/lib/gcc/m4/drivers_cc32xx.a(RingBuf.c.obj)
                0x20007de0                RingBuf_putAdvance
 .text.RingBuf_putPointer
                0x20007e1c       0x34 C:/ti/ccs1270/simplelink_cc32xx_sdk_7_10_00_13/source\ti/drivers/lib/gcc/m4/drivers_cc32xx.a(RingBuf.c.obj)
                0x20007e1c                RingBuf_putPointer
 .text.postNotifyFxn
                0x20007e50       0x14 C:/ti/ccs1270/simplelink_cc32xx_sdk_7_10_00_13/source\ti/drivers/lib/gcc/m4/drivers_cc32xx.a(UDMACC32XX.c.obj)
 .text.UDMACC32XX_close
                0x20007e64       0x40 C:/ti/ccs1270/simplelink_cc32xx_sdk_7_10_00_13/source\ti/drivers/lib/gcc/m4/drivers_cc32xx.a(UDMACC32XX.c.obj)
                0x20007e64                UDMACC32XX_close
 .text.UDMACC32XX_init
                0x20007ea4       0x40 C:/ti/ccs1270/simplelink_cc32xx_sdk_7_10_00_13/source\ti/drivers/lib/gcc/m4/drivers_cc32xx.a(UDMACC32XX.c.obj)
                0x20007ea4                UDMACC32XX_init
 .text.UDMACC32XX_open
                0x20007ee4       0x70 C:/ti/ccs1270/simplelink_cc32xx_sdk_7_10_00_13/source\ti/drivers/lib/gcc/m4/drivers_cc32xx.a(UDMACC32XX.c.obj)
                0x20007ee4                UDMACC32XX_open
 .text.NoRTOS_start
                0x20007f54        0x4 C:/ti/ccs1270/simplelink_cc32xx_sdk_7_10_00_13/kernel/nortos\lib/gcc/m4/nortos_cc32xx.a(NoRTOS.c.obj)
                0x20007f54                NoRTOS_start
 .text.clkFxn   0x20007f58        0x4 C:/ti/ccs1270/simplelink_cc32xx_sdk_7_10_00_13/kernel/nortos\lib/gcc/m4/nortos_cc32xx.a(SemaphoreP_nortos.c.obj)
                0x20007f58                clkFxn
 .text.SemaphoreP_constructBinary
                0x20007f5c       0x3c C:/ti/ccs1270/simplelink_cc32xx_sdk_7_10_00_13/kernel/nortos\lib/gcc/m4/nortos_cc32xx.a(SemaphoreP_nortos.c.obj)
                0x20007f5c                SemaphoreP_constructBinary
 .text.SemaphoreP_createBinary
                0x20007f98       0x40 C:/ti/ccs1270/simplelink_cc32xx_sdk_7_10_00_13/kernel/nortos\lib/gcc/m4/nortos_cc32xx.a(SemaphoreP_nortos.c.obj)
                0x20007f98                SemaphoreP_createBinary
 .text.SemaphoreP_destruct
                0x20007fd8        0x4 C:/ti/ccs1270/simplelink_cc32xx_sdk_7_10_00_13/kernel/nortos\lib/gcc/m4/nortos_cc32xx.a(SemaphoreP_nortos.c.obj)
                0x20007fd8                SemaphoreP_destruct
 .text.SemaphoreP_delete
                0x20007fdc        0x4 C:/ti/ccs1270/simplelink_cc32xx_sdk_7_10_00_13/kernel/nortos\lib/gcc/m4/nortos_cc32xx.a(SemaphoreP_nortos.c.obj)
                0x20007fdc                SemaphoreP_delete
 .text.SemaphoreP_pend
                0x20007fe0       0xfc C:/ti/ccs1270/simplelink_cc32xx_sdk_7_10_00_13/kernel/nortos\lib/gcc/m4/nortos_cc32xx.a(SemaphoreP_nortos.c.obj)
                0x20007fe0                SemaphoreP_pend
 .text.SemaphoreP_post
                0x200080dc       0x44 C:/ti/ccs1270/simplelink_cc32xx_sdk_7_10_00_13/kernel/nortos\lib/gcc/m4/nortos_cc32xx.a(SemaphoreP_nortos.c.obj)
                0x200080dc                SemaphoreP_post
 .text.ClockP_sysTickHandler
                0x20008120       0x7c C:/ti/ccs1270/simplelink_cc32xx_sdk_7_10_00_13/kernel/nortos\lib/gcc/m4/nortos_cc32xx.a(ClockPSysTick_nortos.c.obj)
                0x20008120                ClockP_sysTickHandler
 .text.ClockP_add
                0x2000819c       0x14 C:/ti/ccs1270/simplelink_cc32xx_sdk_7_10_00_13/kernel/nortos\lib/gcc/m4/nortos_cc32xx.a(ClockPSysTick_nortos.c.obj)
                0x2000819c                ClockP_add
 .text.ClockP_destruct
                0x200081b0       0x44 C:/ti/ccs1270/simplelink_cc32xx_sdk_7_10_00_13/kernel/nortos\lib/gcc/m4/nortos_cc32xx.a(ClockPSysTick_nortos.c.obj)
                0x200081b0                ClockP_destruct
 .text.ClockP_doTick
                0x200081f4        0x4 C:/ti/ccs1270/simplelink_cc32xx_sdk_7_10_00_13/kernel/nortos\lib/gcc/m4/nortos_cc32xx.a(ClockPSysTick_nortos.c.obj)
                0x200081f4                ClockP_doTick
 .text.ClockP_getCpuFreq
                0x200081f8       0x10 C:/ti/ccs1270/simplelink_cc32xx_sdk_7_10_00_13/kernel/nortos\lib/gcc/m4/nortos_cc32xx.a(ClockPSysTick_nortos.c.obj)
                0x200081f8                ClockP_getCpuFreq
 .text.ClockP_getSystemTicks
                0x20008208       0x70 C:/ti/ccs1270/simplelink_cc32xx_sdk_7_10_00_13/kernel/nortos\lib/gcc/m4/nortos_cc32xx.a(ClockPSysTick_nortos.c.obj)
                0x20008208                ClockP_getSystemTicks
 .text.ClockP_getTicksUntilInterrupt
                0x20008278       0x40 C:/ti/ccs1270/simplelink_cc32xx_sdk_7_10_00_13/kernel/nortos\lib/gcc/m4/nortos_cc32xx.a(ClockPSysTick_nortos.c.obj)
                0x20008278                ClockP_getTicksUntilInterrupt
 .text.ClockP_isActive
                0x200082b8        0xc C:/ti/ccs1270/simplelink_cc32xx_sdk_7_10_00_13/kernel/nortos\lib/gcc/m4/nortos_cc32xx.a(ClockPSysTick_nortos.c.obj)
                0x200082b8                ClockP_isActive
 .text.ClockP_setTicks
                0x200082c4       0x10 C:/ti/ccs1270/simplelink_cc32xx_sdk_7_10_00_13/kernel/nortos\lib/gcc/m4/nortos_cc32xx.a(ClockPSysTick_nortos.c.obj)
                0x200082c4                ClockP_setTicks
 .text.ClockP_start
                0x200082d4       0xa8 C:/ti/ccs1270/simplelink_cc32xx_sdk_7_10_00_13/kernel/nortos\lib/gcc/m4/nortos_cc32xx.a(ClockPSysTick_nortos.c.obj)
                0x200082d4                ClockP_start
 .text.ClockP_startup
                0x2000837c       0x68 C:/ti/ccs1270/simplelink_cc32xx_sdk_7_10_00_13/kernel/nortos\lib/gcc/m4/nortos_cc32xx.a(ClockPSysTick_nortos.c.obj)
                0x2000837c                ClockP_startup
 .text.HwiP_dispatch
                0x200083e4       0x1c C:/ti/ccs1270/simplelink_cc32xx_sdk_7_10_00_13/kernel/nortos\lib/gcc/m4/nortos_cc32xx.a(HwiPCC32XX_nortos.c.obj)
                0x200083e4                HwiP_dispatch
 .text.HwiP_enable
                0x20008400        0x4 C:/ti/ccs1270/simplelink_cc32xx_sdk_7_10_00_13/kernel/nortos\lib/gcc/m4/nortos_cc32xx.a(HwiPCC32XX_nortos.c.obj)
                0x20008400                HwiP_enable
 .text.HwiP_disable
                0x20008404        0x8 C:/ti/ccs1270/simplelink_cc32xx_sdk_7_10_00_13/kernel/nortos\lib/gcc/m4/nortos_cc32xx.a(HwiPCC32XX_nortos.c.obj)
                0x20008404                HwiP_disable
 .text.HwiP_restore
                0x2000840c        0x8 C:/ti/ccs1270/simplelink_cc32xx_sdk_7_10_00_13/kernel/nortos\lib/gcc/m4/nortos_cc32xx.a(HwiPCC32XX_nortos.c.obj)
                0x2000840c                HwiP_restore
 .text.HwiP_clearInterrupt
                0x20008414        0x4 C:/ti/ccs1270/simplelink_cc32xx_sdk_7_10_00_13/kernel/nortos\lib/gcc/m4/nortos_cc32xx.a(HwiPCC32XX_nortos.c.obj)
                0x20008414                HwiP_clearInterrupt
 .text.HwiP_destruct
                0x20008418       0x14 C:/ti/ccs1270/simplelink_cc32xx_sdk_7_10_00_13/kernel/nortos\lib/gcc/m4/nortos_cc32xx.a(HwiPCC32XX_nortos.c.obj)
                0x20008418                HwiP_destruct
 .text.HwiP_delete
                0x2000842c       0x1c C:/ti/ccs1270/simplelink_cc32xx_sdk_7_10_00_13/kernel/nortos\lib/gcc/m4/nortos_cc32xx.a(HwiPCC32XX_nortos.c.obj)
                0x2000842c                HwiP_delete
 .text.HwiP_disableInterrupt
                0x20008448        0x4 C:/ti/ccs1270/simplelink_cc32xx_sdk_7_10_00_13/kernel/nortos\lib/gcc/m4/nortos_cc32xx.a(HwiPCC32XX_nortos.c.obj)
                0x20008448                HwiP_disableInterrupt
 .text.HwiP_enableInterrupt
                0x2000844c        0x4 C:/ti/ccs1270/simplelink_cc32xx_sdk_7_10_00_13/kernel/nortos\lib/gcc/m4/nortos_cc32xx.a(HwiPCC32XX_nortos.c.obj)
                0x2000844c                HwiP_enableInterrupt
 .text.HwiP_interruptsEnabled
                0x20008450       0x10 C:/ti/ccs1270/simplelink_cc32xx_sdk_7_10_00_13/kernel/nortos\lib/gcc/m4/nortos_cc32xx.a(HwiPCC32XX_nortos.c.obj)
                0x20008450                HwiP_interruptsEnabled
 .text.HwiP_construct
                0x20008460       0x8c C:/ti/ccs1270/simplelink_cc32xx_sdk_7_10_00_13/kernel/nortos\lib/gcc/m4/nortos_cc32xx.a(HwiPCC32XX_nortos.c.obj)
                0x20008460                HwiP_construct
 .text.HwiP_create
                0x200084ec       0x90 C:/ti/ccs1270/simplelink_cc32xx_sdk_7_10_00_13/kernel/nortos\lib/gcc/m4/nortos_cc32xx.a(HwiPCC32XX_nortos.c.obj)
                0x200084ec                HwiP_create
 .text.HwiP_Params_init
                0x2000857c       0x14 C:/ti/ccs1270/simplelink_cc32xx_sdk_7_10_00_13/kernel/nortos\lib/gcc/m4/nortos_cc32xx.a(HwiPCC32XX_nortos.c.obj)
                0x2000857c                HwiP_Params_init
 .text.HwiP_post
                0x20008590        0x4 C:/ti/ccs1270/simplelink_cc32xx_sdk_7_10_00_13/kernel/nortos\lib/gcc/m4/nortos_cc32xx.a(HwiPCC32XX_nortos.c.obj)
                0x20008590                HwiP_post
 .text.HwiP_inISR
                0x20008594       0x10 C:/ti/ccs1270/simplelink_cc32xx_sdk_7_10_00_13/kernel/nortos\lib/gcc/m4/nortos_cc32xx.a(HwiPCC32XX_nortos.c.obj)
                0x20008594                HwiP_inISR
 .text.PowerCC32XX_initPolicy
                0x200085a4        0x4 C:/ti/ccs1270/simplelink_cc32xx_sdk_7_10_00_13/kernel/nortos\lib/gcc/m4/nortos_cc32xx.a(PowerCC32XX_nortos.c.obj)
                0x200085a4                PowerCC32XX_initPolicy
 .text.PowerCC32XX_sleepPolicy
                0x200085a8      0x220 C:/ti/ccs1270/simplelink_cc32xx_sdk_7_10_00_13/kernel/nortos\lib/gcc/m4/nortos_cc32xx.a(PowerCC32XX_nortos.c.obj)
                0x200085a8                PowerCC32XX_sleepPolicy
 .text.nmiISR   0x200087c8        0x4 C:/ti/ccs1270/simplelink_cc32xx_sdk_7_10_00_13/kernel/nortos\lib/gcc/m4/nortos_cc32xx.a(startup_cc32xx_gcc.c.obj)
 .text.faultISR
                0x200087cc        0x4 C:/ti/ccs1270/simplelink_cc32xx_sdk_7_10_00_13/kernel/nortos\lib/gcc/m4/nortos_cc32xx.a(startup_cc32xx_gcc.c.obj)
 .text.busFaultHandler
                0x200087d0        0x4 C:/ti/ccs1270/simplelink_cc32xx_sdk_7_10_00_13/kernel/nortos\lib/gcc/m4/nortos_cc32xx.a(startup_cc32xx_gcc.c.obj)
 .text.defaultHandler
                0x200087d4        0x4 C:/ti/ccs1270/simplelink_cc32xx_sdk_7_10_00_13/kernel/nortos\lib/gcc/m4/nortos_cc32xx.a(startup_cc32xx_gcc.c.obj)
 .text.resetISR
                0x200087d8       0x14 C:/ti/ccs1270/simplelink_cc32xx_sdk_7_10_00_13/kernel/nortos\lib/gcc/m4/nortos_cc32xx.a(startup_cc32xx_gcc.c.obj)
                0x200087d8                resetISR
 .text.localProgramStart
                0x200087ec       0xc4 C:/ti/ccs1270/simplelink_cc32xx_sdk_7_10_00_13/kernel/nortos\lib/gcc/m4/nortos_cc32xx.a(startup_cc32xx_gcc.c.obj)
                0x200087ec                localProgramStart
 .text._fini    0x200088b0        0x4 C:/ti/ccs1270/simplelink_cc32xx_sdk_7_10_00_13/kernel/nortos\lib/gcc/m4/nortos_cc32xx.a(startup_cc32xx_gcc.c.obj)
                0x200088b0                _fini
 .text.SwiP_disable
                0x200088b4       0x1c C:/ti/ccs1270/simplelink_cc32xx_sdk_7_10_00_13/kernel/nortos\lib/gcc/m4/nortos_cc32xx.a(SwiP_nortos.c.obj)
                0x200088b4                SwiP_disable
 .text.SwiP_restore
                0x200088d0       0x48 C:/ti/ccs1270/simplelink_cc32xx_sdk_7_10_00_13/kernel/nortos\lib/gcc/m4/nortos_cc32xx.a(SwiP_nortos.c.obj)
                0x200088d0                SwiP_restore
 .text.CPUcpsid
                0x20008918       0x16 C:/ti/ccs1270/simplelink_cc32xx_sdk_7_10_00_13/source\ti/devices/cc32xx/driverlib/gcc/Release/driverlib.a(cpu.obj)
                0x20008918                CPUcpsid
 .text.CPUprimask
                0x2000892e        0xc C:/ti/ccs1270/simplelink_cc32xx_sdk_7_10_00_13/source\ti/devices/cc32xx/driverlib/gcc/Release/driverlib.a(cpu.obj)
                0x2000892e                CPUprimask
 .text.CPUcpsie
                0x2000893a       0x16 C:/ti/ccs1270/simplelink_cc32xx_sdk_7_10_00_13/source\ti/devices/cc32xx/driverlib/gcc/Release/driverlib.a(cpu.obj)
                0x2000893a                CPUcpsie
 .text.CPUwfi   0x20008950        0xe C:/ti/ccs1270/simplelink_cc32xx_sdk_7_10_00_13/source\ti/devices/cc32xx/driverlib/gcc/Release/driverlib.a(cpu.obj)
                0x20008950                CPUwfi
 .text.GPIODirModeSet
                0x2000895e       0x46 C:/ti/ccs1270/simplelink_cc32xx_sdk_7_10_00_13/source\ti/devices/cc32xx/driverlib/gcc/Release/driverlib.a(gpio.obj)
                0x2000895e                GPIODirModeSet
 .text.GPIOIntTypeSet
                0x200089a4       0xa2 C:/ti/ccs1270/simplelink_cc32xx_sdk_7_10_00_13/source\ti/devices/cc32xx/driverlib/gcc/Release/driverlib.a(gpio.obj)
                0x200089a4                GPIOIntTypeSet
 .text.GPIOIntEnable
                0x20008a46       0x2a C:/ti/ccs1270/simplelink_cc32xx_sdk_7_10_00_13/source\ti/devices/cc32xx/driverlib/gcc/Release/driverlib.a(gpio.obj)
                0x20008a46                GPIOIntEnable
 .text.GPIOIntDisable
                0x20008a70       0x2a C:/ti/ccs1270/simplelink_cc32xx_sdk_7_10_00_13/source\ti/devices/cc32xx/driverlib/gcc/Release/driverlib.a(gpio.obj)
                0x20008a70                GPIOIntDisable
 .text.GPIOIntStatus
                0x20008a9a       0x2e C:/ti/ccs1270/simplelink_cc32xx_sdk_7_10_00_13/source\ti/devices/cc32xx/driverlib/gcc/Release/driverlib.a(gpio.obj)
                0x20008a9a                GPIOIntStatus
 .text.GPIOIntClear
                0x20008ac8       0x20 C:/ti/ccs1270/simplelink_cc32xx_sdk_7_10_00_13/source\ti/devices/cc32xx/driverlib/gcc/Release/driverlib.a(gpio.obj)
                0x20008ac8                GPIOIntClear
 .text.GPIOPinWrite
                0x20008ae8       0x2a C:/ti/ccs1270/simplelink_cc32xx_sdk_7_10_00_13/source\ti/devices/cc32xx/driverlib/gcc/Release/driverlib.a(gpio.obj)
                0x20008ae8                GPIOPinWrite
 *fill*         0x20008b12        0x2 
 .text.I2CMasterInitExpClk
                0x20008b14       0x9c C:/ti/ccs1270/simplelink_cc32xx_sdk_7_10_00_13/source\ti/devices/cc32xx/driverlib/gcc/Release/driverlib.a(i2c.obj)
                0x20008b14                I2CMasterInitExpClk
 .text.I2CMasterEnable
                0x20008bb0       0x22 C:/ti/ccs1270/simplelink_cc32xx_sdk_7_10_00_13/source\ti/devices/cc32xx/driverlib/gcc/Release/driverlib.a(i2c.obj)
                0x20008bb0                I2CMasterEnable
 .text.I2CMasterDisable
                0x20008bd2       0x22 C:/ti/ccs1270/simplelink_cc32xx_sdk_7_10_00_13/source\ti/devices/cc32xx/driverlib/gcc/Release/driverlib.a(i2c.obj)
                0x20008bd2                I2CMasterDisable
 .text.I2CMasterIntEnableEx
                0x20008bf4       0x26 C:/ti/ccs1270/simplelink_cc32xx_sdk_7_10_00_13/source\ti/devices/cc32xx/driverlib/gcc/Release/driverlib.a(i2c.obj)
                0x20008bf4                I2CMasterIntEnableEx
 .text.I2CMasterIntDisableEx
                0x20008c1a       0x26 C:/ti/ccs1270/simplelink_cc32xx_sdk_7_10_00_13/source\ti/devices/cc32xx/driverlib/gcc/Release/driverlib.a(i2c.obj)
                0x20008c1a                I2CMasterIntDisableEx
 .text.I2CMasterIntStatusEx
                0x20008c40       0x2a C:/ti/ccs1270/simplelink_cc32xx_sdk_7_10_00_13/source\ti/devices/cc32xx/driverlib/gcc/Release/driverlib.a(i2c.obj)
                0x20008c40                I2CMasterIntStatusEx
 .text.I2CMasterIntClearEx
                0x20008c6a       0x1e C:/ti/ccs1270/simplelink_cc32xx_sdk_7_10_00_13/source\ti/devices/cc32xx/driverlib/gcc/Release/driverlib.a(i2c.obj)
                0x20008c6a                I2CMasterIntClearEx
 .text.I2CMasterSlaveAddrSet
                0x20008c88       0x26 C:/ti/ccs1270/simplelink_cc32xx_sdk_7_10_00_13/source\ti/devices/cc32xx/driverlib/gcc/Release/driverlib.a(i2c.obj)
                0x20008c88                I2CMasterSlaveAddrSet
 .text.I2CMasterBusBusy
                0x20008cae       0x26 C:/ti/ccs1270/simplelink_cc32xx_sdk_7_10_00_13/source\ti/devices/cc32xx/driverlib/gcc/Release/driverlib.a(i2c.obj)
                0x20008cae                I2CMasterBusBusy
 .text.I2CMasterControl
                0x20008cd4       0x1e C:/ti/ccs1270/simplelink_cc32xx_sdk_7_10_00_13/source\ti/devices/cc32xx/driverlib/gcc/Release/driverlib.a(i2c.obj)
                0x20008cd4                I2CMasterControl
 .text.I2CMasterTimeoutSet
                0x20008cf2       0x1e C:/ti/ccs1270/simplelink_cc32xx_sdk_7_10_00_13/source\ti/devices/cc32xx/driverlib/gcc/Release/driverlib.a(i2c.obj)
                0x20008cf2                I2CMasterTimeoutSet
 .text.I2CTxFIFOConfigSet
                0x20008d10       0x3e C:/ti/ccs1270/simplelink_cc32xx_sdk_7_10_00_13/source\ti/devices/cc32xx/driverlib/gcc/Release/driverlib.a(i2c.obj)
                0x20008d10                I2CTxFIFOConfigSet
 .text.I2CTxFIFOFlush
                0x20008d4e       0x26 C:/ti/ccs1270/simplelink_cc32xx_sdk_7_10_00_13/source\ti/devices/cc32xx/driverlib/gcc/Release/driverlib.a(i2c.obj)
                0x20008d4e                I2CTxFIFOFlush
 .text.I2CRxFIFOConfigSet
                0x20008d74       0x3e C:/ti/ccs1270/simplelink_cc32xx_sdk_7_10_00_13/source\ti/devices/cc32xx/driverlib/gcc/Release/driverlib.a(i2c.obj)
                0x20008d74                I2CRxFIFOConfigSet
 .text.I2CRxFIFOFlush
                0x20008db2       0x26 C:/ti/ccs1270/simplelink_cc32xx_sdk_7_10_00_13/source\ti/devices/cc32xx/driverlib/gcc/Release/driverlib.a(i2c.obj)
                0x20008db2                I2CRxFIFOFlush
 .text.I2CFIFOStatus
                0x20008dd8       0x1a C:/ti/ccs1270/simplelink_cc32xx_sdk_7_10_00_13/source\ti/devices/cc32xx/driverlib/gcc/Release/driverlib.a(i2c.obj)
                0x20008dd8                I2CFIFOStatus
 .text.I2CFIFODataPutNonBlocking
                0x20008df2       0x38 C:/ti/ccs1270/simplelink_cc32xx_sdk_7_10_00_13/source\ti/devices/cc32xx/driverlib/gcc/Release/driverlib.a(i2c.obj)
                0x20008df2                I2CFIFODataPutNonBlocking
 .text.I2CFIFODataGetNonBlocking
                0x20008e2a       0x38 C:/ti/ccs1270/simplelink_cc32xx_sdk_7_10_00_13/source\ti/devices/cc32xx/driverlib/gcc/Release/driverlib.a(i2c.obj)
                0x20008e2a                I2CFIFODataGetNonBlocking
 .text.I2CMasterBurstLengthSet
                0x20008e62       0x20 C:/ti/ccs1270/simplelink_cc32xx_sdk_7_10_00_13/source\ti/devices/cc32xx/driverlib/gcc/Release/driverlib.a(i2c.obj)
                0x20008e62                I2CMasterBurstLengthSet
 .text.IntDefaultHandler
                0x20008e82        0x6 C:/ti/ccs1270/simplelink_cc32xx_sdk_7_10_00_13/source\ti/devices/cc32xx/driverlib/gcc/Release/driverlib.a(interrupt.obj)
 .text.IntMasterEnable
                0x20008e88       0x10 C:/ti/ccs1270/simplelink_cc32xx_sdk_7_10_00_13/source\ti/devices/cc32xx/driverlib/gcc/Release/driverlib.a(interrupt.obj)
                0x20008e88                IntMasterEnable
 .text.IntMasterDisable
                0x20008e98       0x10 C:/ti/ccs1270/simplelink_cc32xx_sdk_7_10_00_13/source\ti/devices/cc32xx/driverlib/gcc/Release/driverlib.a(interrupt.obj)
                0x20008e98                IntMasterDisable
 .text.IntVTableBaseSet
                0x20008ea8       0x1c C:/ti/ccs1270/simplelink_cc32xx_sdk_7_10_00_13/source\ti/devices/cc32xx/driverlib/gcc/Release/driverlib.a(interrupt.obj)
                0x20008ea8                IntVTableBaseSet
 .text.IntRegister
                0x20008ec4       0x2c C:/ti/ccs1270/simplelink_cc32xx_sdk_7_10_00_13/source\ti/devices/cc32xx/driverlib/gcc/Release/driverlib.a(interrupt.obj)
                0x20008ec4                IntRegister
 .text.IntUnregister
                0x20008ef0       0x2c C:/ti/ccs1270/simplelink_cc32xx_sdk_7_10_00_13/source\ti/devices/cc32xx/driverlib/gcc/Release/driverlib.a(interrupt.obj)
                0x20008ef0                IntUnregister
 .text.IntPrioritySet
                0x20008f1c       0x68 C:/ti/ccs1270/simplelink_cc32xx_sdk_7_10_00_13/source\ti/devices/cc32xx/driverlib/gcc/Release/driverlib.a(interrupt.obj)
                0x20008f1c                IntPrioritySet
 .text.IntEnable
                0x20008f84       0xbc C:/ti/ccs1270/simplelink_cc32xx_sdk_7_10_00_13/source\ti/devices/cc32xx/driverlib/gcc/Release/driverlib.a(interrupt.obj)
                0x20008f84                IntEnable
 .text.IntDisable
                0x20009040       0xbc C:/ti/ccs1270/simplelink_cc32xx_sdk_7_10_00_13/source\ti/devices/cc32xx/driverlib/gcc/Release/driverlib.a(interrupt.obj)
                0x20009040                IntDisable
 .text.IntPendSet
                0x200090fc       0x9c C:/ti/ccs1270/simplelink_cc32xx_sdk_7_10_00_13/source\ti/devices/cc32xx/driverlib/gcc/Release/driverlib.a(interrupt.obj)
                0x200090fc                IntPendSet
 .text.IntPendClear
                0x20009198       0x68 C:/ti/ccs1270/simplelink_cc32xx_sdk_7_10_00_13/source\ti/devices/cc32xx/driverlib/gcc/Release/driverlib.a(interrupt.obj)
                0x20009198                IntPendClear
 .text.PinModeSet
                0x20009200       0x48 C:/ti/ccs1270/simplelink_cc32xx_sdk_7_10_00_13/source\ti/devices/cc32xx/driverlib/gcc/Release/driverlib.a(pin.obj)
                0x20009200                PinModeSet
 .text.PinModeGet
                0x20009248       0x3c C:/ti/ccs1270/simplelink_cc32xx_sdk_7_10_00_13/source\ti/devices/cc32xx/driverlib/gcc/Release/driverlib.a(pin.obj)
                0x20009248                PinModeGet
 .text.PinDirModeSet
                0x20009284       0x44 C:/ti/ccs1270/simplelink_cc32xx_sdk_7_10_00_13/source\ti/devices/cc32xx/driverlib/gcc/Release/driverlib.a(pin.obj)
                0x20009284                PinDirModeSet
 .text.PinDirModeGet
                0x200092c8       0x3c C:/ti/ccs1270/simplelink_cc32xx_sdk_7_10_00_13/source\ti/devices/cc32xx/driverlib/gcc/Release/driverlib.a(pin.obj)
                0x200092c8                PinDirModeGet
 .text.PinConfigGet
                0x20009304       0x50 C:/ti/ccs1270/simplelink_cc32xx_sdk_7_10_00_13/source\ti/devices/cc32xx/driverlib/gcc/Release/driverlib.a(pin.obj)
                0x20009304                PinConfigGet
 .text.PinConfigSet
                0x20009354       0x9c C:/ti/ccs1270/simplelink_cc32xx_sdk_7_10_00_13/source\ti/devices/cc32xx/driverlib/gcc/Release/driverlib.a(pin.obj)
                0x20009354                PinConfigSet
 .text.PinTypeUART
                0x200093f0       0x24 C:/ti/ccs1270/simplelink_cc32xx_sdk_7_10_00_13/source\ti/devices/cc32xx/driverlib/gcc/Release/driverlib.a(pin.obj)
                0x200093f0                PinTypeUART
 .text.PinTypeI2C
                0x20009414       0x26 C:/ti/ccs1270/simplelink_cc32xx_sdk_7_10_00_13/source\ti/devices/cc32xx/driverlib/gcc/Release/driverlib.a(pin.obj)
                0x20009414                PinTypeI2C
 *fill*         0x2000943a        0x2 
 .text.PinLockLevelSet
                0x2000943c       0x68 C:/ti/ccs1270/simplelink_cc32xx_sdk_7_10_00_13/source\ti/devices/cc32xx/driverlib/gcc/Release/driverlib.a(pin.obj)
                0x2000943c                PinLockLevelSet
 .text.PinLock  0x200094a4       0x40 C:/ti/ccs1270/simplelink_cc32xx_sdk_7_10_00_13/source\ti/devices/cc32xx/driverlib/gcc/Release/driverlib.a(pin.obj)
                0x200094a4                PinLock
 .text.PinUnlock
                0x200094e4       0x2c C:/ti/ccs1270/simplelink_cc32xx_sdk_7_10_00_13/source\ti/devices/cc32xx/driverlib/gcc/Release/driverlib.a(pin.obj)
                0x200094e4                PinUnlock
 .text.PinToPadGet
                0x20009510       0x24 C:/ti/ccs1270/simplelink_cc32xx_sdk_7_10_00_13/source\ti/devices/cc32xx/driverlib/gcc/Release/driverlib.a(pin.obj)
                0x20009510                PinToPadGet
 .text.PRCMSysResetCauseGet
                0x20009534       0x78 C:/ti/ccs1270/simplelink_cc32xx_sdk_7_10_00_13/source\ti/devices/cc32xx/driverlib/gcc/Release/driverlib.a(prcm.obj)
                0x20009534                PRCMSysResetCauseGet
 .text.PRCMPeripheralClkEnable
                0x200095ac       0x6c C:/ti/ccs1270/simplelink_cc32xx_sdk_7_10_00_13/source\ti/devices/cc32xx/driverlib/gcc/Release/driverlib.a(prcm.obj)
                0x200095ac                PRCMPeripheralClkEnable
 .text.PRCMPeripheralClkDisable
                0x20009618       0x48 C:/ti/ccs1270/simplelink_cc32xx_sdk_7_10_00_13/source\ti/devices/cc32xx/driverlib/gcc/Release/driverlib.a(prcm.obj)
                0x20009618                PRCMPeripheralClkDisable
 .text.PRCMPeripheralReset
                0x20009660       0x8c C:/ti/ccs1270/simplelink_cc32xx_sdk_7_10_00_13/source\ti/devices/cc32xx/driverlib/gcc/Release/driverlib.a(prcm.obj)
                0x20009660                PRCMPeripheralReset
 .text.PRCMPeripheralStatusGet
                0x200096ec       0x40 C:/ti/ccs1270/simplelink_cc32xx_sdk_7_10_00_13/source\ti/devices/cc32xx/driverlib/gcc/Release/driverlib.a(prcm.obj)
                0x200096ec                PRCMPeripheralStatusGet
 .text.PRCMLPDSRestoreInfoSet
                0x2000972c       0x50 C:/ti/ccs1270/simplelink_cc32xx_sdk_7_10_00_13/source\ti/devices/cc32xx/driverlib/gcc/Release/driverlib.a(prcm.obj)
                0x2000972c                PRCMLPDSRestoreInfoSet
 .text.PRCMLPDSEnter
                0x2000977c       0x50 C:/ti/ccs1270/simplelink_cc32xx_sdk_7_10_00_13/source\ti/devices/cc32xx/driverlib/gcc/Release/driverlib.a(prcm.obj)
                0x2000977c                PRCMLPDSEnter
 .text.PRCMLPDSEnterKeepDebugIf
                0x200097cc       0x40 C:/ti/ccs1270/simplelink_cc32xx_sdk_7_10_00_13/source\ti/devices/cc32xx/driverlib/gcc/Release/driverlib.a(prcm.obj)
                0x200097cc                PRCMLPDSEnterKeepDebugIf
 .text.PRCMLPDSWakeupSourceEnable
                0x2000980c       0x30 C:/ti/ccs1270/simplelink_cc32xx_sdk_7_10_00_13/source\ti/devices/cc32xx/driverlib/gcc/Release/driverlib.a(prcm.obj)
                0x2000980c                PRCMLPDSWakeupSourceEnable
 .text.PRCMLPDSWakeupSourceDisable
                0x2000983c       0x24 C:/ti/ccs1270/simplelink_cc32xx_sdk_7_10_00_13/source\ti/devices/cc32xx/driverlib/gcc/Release/driverlib.a(prcm.obj)
                0x2000983c                PRCMLPDSWakeupSourceDisable
 .text.PRCMLPDSWakeupCauseGet
                0x20009860       0x14 C:/ti/ccs1270/simplelink_cc32xx_sdk_7_10_00_13/source\ti/devices/cc32xx/driverlib/gcc/Release/driverlib.a(prcm.obj)
                0x20009860                PRCMLPDSWakeupCauseGet
 .text.PRCMLPDSIntervalSet
                0x20009874       0x34 C:/ti/ccs1270/simplelink_cc32xx_sdk_7_10_00_13/source\ti/devices/cc32xx/driverlib/gcc/Release/driverlib.a(prcm.obj)
                0x20009874                PRCMLPDSIntervalSet
 .text.PRCMLPDSWakeUpGPIOSelect
                0x200098a8       0x2c C:/ti/ccs1270/simplelink_cc32xx_sdk_7_10_00_13/source\ti/devices/cc32xx/driverlib/gcc/Release/driverlib.a(prcm.obj)
                0x200098a8                PRCMLPDSWakeUpGPIOSelect
 .text.PRCMSleepEnter
                0x200098d4        0xc C:/ti/ccs1270/simplelink_cc32xx_sdk_7_10_00_13/source\ti/devices/cc32xx/driverlib/gcc/Release/driverlib.a(prcm.obj)
                0x200098d4                PRCMSleepEnter
 .text.PRCMSRAMRetentionEnable
                0x200098e0       0x2c C:/ti/ccs1270/simplelink_cc32xx_sdk_7_10_00_13/source\ti/devices/cc32xx/driverlib/gcc/Release/driverlib.a(prcm.obj)
                0x200098e0                PRCMSRAMRetentionEnable
 .text.PRCMHibernateWakeupSourceEnable
                0x2000990c       0x50 C:/ti/ccs1270/simplelink_cc32xx_sdk_7_10_00_13/source\ti/devices/cc32xx/driverlib/gcc/Release/driverlib.a(prcm.obj)
                0x2000990c                PRCMHibernateWakeupSourceEnable
 .text.PRCMHibernateWakeupSourceDisable
                0x2000995c       0x54 C:/ti/ccs1270/simplelink_cc32xx_sdk_7_10_00_13/source\ti/devices/cc32xx/driverlib/gcc/Release/driverlib.a(prcm.obj)
                0x2000995c                PRCMHibernateWakeupSourceDisable
 .text.PRCMHibernateWakeUpGPIOSelect
                0x200099b0       0x74 C:/ti/ccs1270/simplelink_cc32xx_sdk_7_10_00_13/source\ti/devices/cc32xx/driverlib/gcc/Release/driverlib.a(prcm.obj)
                0x200099b0                PRCMHibernateWakeUpGPIOSelect
 .text.PRCMSlowClkCtrFastGet
                0x20009a24       0x5c C:/ti/ccs1270/simplelink_cc32xx_sdk_7_10_00_13/source\ti/devices/cc32xx/driverlib/gcc/Release/driverlib.a(prcm.obj)
                0x20009a24                PRCMSlowClkCtrFastGet
 .text.PRCMIntEnable
                0x20009a80       0x48 C:/ti/ccs1270/simplelink_cc32xx_sdk_7_10_00_13/source\ti/devices/cc32xx/driverlib/gcc/Release/driverlib.a(prcm.obj)
                0x20009a80                PRCMIntEnable
 .text.PRCMCC3200MCUInit
                0x20009ac8      0x478 C:/ti/ccs1270/simplelink_cc32xx_sdk_7_10_00_13/source\ti/devices/cc32xx/driverlib/gcc/Release/driverlib.a(prcm.obj)
                0x20009ac8                PRCMCC3200MCUInit
 .text.PRCMHIBRegRead
                0x20009f40       0x20 C:/ti/ccs1270/simplelink_cc32xx_sdk_7_10_00_13/source\ti/devices/cc32xx/driverlib/gcc/Release/driverlib.a(prcm.obj)
                0x20009f40                PRCMHIBRegRead
 .text.PRCMHIBRegWrite
                0x20009f60       0x20 C:/ti/ccs1270/simplelink_cc32xx_sdk_7_10_00_13/source\ti/devices/cc32xx/driverlib/gcc/Release/driverlib.a(prcm.obj)
                0x20009f60                PRCMHIBRegWrite
 .text.SysTickEnable
                0x20009f80       0x1c C:/ti/ccs1270/simplelink_cc32xx_sdk_7_10_00_13/source\ti/devices/cc32xx/driverlib/gcc/Release/driverlib.a(systick.obj)
                0x20009f80                SysTickEnable
 .text.SysTickIntEnable
                0x20009f9c       0x1c C:/ti/ccs1270/simplelink_cc32xx_sdk_7_10_00_13/source\ti/devices/cc32xx/driverlib/gcc/Release/driverlib.a(systick.obj)
                0x20009f9c                SysTickIntEnable
 .text.SysTickIntDisable
                0x20009fb8       0x1c C:/ti/ccs1270/simplelink_cc32xx_sdk_7_10_00_13/source\ti/devices/cc32xx/driverlib/gcc/Release/driverlib.a(systick.obj)
                0x20009fb8                SysTickIntDisable
 .text.SysTickPeriodSet
                0x20009fd4       0x20 C:/ti/ccs1270/simplelink_cc32xx_sdk_7_10_00_13/source\ti/devices/cc32xx/driverlib/gcc/Release/driverlib.a(systick.obj)
                0x20009fd4                SysTickPeriodSet
 .text.TimerEnable
                0x20009ff4       0x2a C:/ti/ccs1270/simplelink_cc32xx_sdk_7_10_00_13/source\ti/devices/cc32xx/driverlib/gcc/Release/driverlib.a(timer.obj)
                0x20009ff4                TimerEnable
 .text.TimerDisable
                0x2000a01e       0x2c C:/ti/ccs1270/simplelink_cc32xx_sdk_7_10_00_13/source\ti/devices/cc32xx/driverlib/gcc/Release/driverlib.a(timer.obj)
                0x2000a01e                TimerDisable
 .text.TimerControlStall
                0x2000a04a       0x46 C:/ti/ccs1270/simplelink_cc32xx_sdk_7_10_00_13/source\ti/devices/cc32xx/driverlib/gcc/Release/driverlib.a(timer.obj)
                0x2000a04a                TimerControlStall
 .text.TimerPrescaleSet
                0x2000a090       0x3c C:/ti/ccs1270/simplelink_cc32xx_sdk_7_10_00_13/source\ti/devices/cc32xx/driverlib/gcc/Release/driverlib.a(timer.obj)
                0x2000a090                TimerPrescaleSet
 .text.TimerLoadSet
                0x2000a0cc       0x3c C:/ti/ccs1270/simplelink_cc32xx_sdk_7_10_00_13/source\ti/devices/cc32xx/driverlib/gcc/Release/driverlib.a(timer.obj)
                0x2000a0cc                TimerLoadSet
 .text.TimerIntEnable
                0x2000a108       0x26 C:/ti/ccs1270/simplelink_cc32xx_sdk_7_10_00_13/source\ti/devices/cc32xx/driverlib/gcc/Release/driverlib.a(timer.obj)
                0x2000a108                TimerIntEnable
 .text.TimerIntDisable
                0x2000a12e       0x26 C:/ti/ccs1270/simplelink_cc32xx_sdk_7_10_00_13/source\ti/devices/cc32xx/driverlib/gcc/Release/driverlib.a(timer.obj)
                0x2000a12e                TimerIntDisable
 .text.TimerIntClear
                0x2000a154       0x1e C:/ti/ccs1270/simplelink_cc32xx_sdk_7_10_00_13/source\ti/devices/cc32xx/driverlib/gcc/Release/driverlib.a(timer.obj)
                0x2000a154                TimerIntClear
 .text.UARTFIFOLevelSet
                0x2000a172       0x24 C:/ti/ccs1270/simplelink_cc32xx_sdk_7_10_00_13/source\ti/devices/cc32xx/driverlib/gcc/Release/driverlib.a(uart.obj)
                0x2000a172                UARTFIFOLevelSet
 .text.UARTConfigSetExpClk
                0x2000a196       0x92 C:/ti/ccs1270/simplelink_cc32xx_sdk_7_10_00_13/source\ti/devices/cc32xx/driverlib/gcc/Release/driverlib.a(uart.obj)
                0x2000a196                UARTConfigSetExpClk
 .text.UARTEnable
                0x2000a228       0x36 C:/ti/ccs1270/simplelink_cc32xx_sdk_7_10_00_13/source\ti/devices/cc32xx/driverlib/gcc/Release/driverlib.a(uart.obj)
                0x2000a228                UARTEnable
 .text.UARTDisable
                0x2000a25e       0x46 C:/ti/ccs1270/simplelink_cc32xx_sdk_7_10_00_13/source\ti/devices/cc32xx/driverlib/gcc/Release/driverlib.a(uart.obj)
                0x2000a25e                UARTDisable
 .text.UARTFlowControlSet
                0x2000a2a4       0x2a C:/ti/ccs1270/simplelink_cc32xx_sdk_7_10_00_13/source\ti/devices/cc32xx/driverlib/gcc/Release/driverlib.a(uart.obj)
                0x2000a2a4                UARTFlowControlSet
 .text.UARTCharsAvail
                0x2000a2ce       0x26 C:/ti/ccs1270/simplelink_cc32xx_sdk_7_10_00_13/source\ti/devices/cc32xx/driverlib/gcc/Release/driverlib.a(uart.obj)
                0x2000a2ce                UARTCharsAvail
 .text.UARTCharPutNonBlocking
                0x2000a2f4       0x30 C:/ti/ccs1270/simplelink_cc32xx_sdk_7_10_00_13/source\ti/devices/cc32xx/driverlib/gcc/Release/driverlib.a(uart.obj)
                0x2000a2f4                UARTCharPutNonBlocking
 .text.UARTBusy
                0x2000a324       0x26 C:/ti/ccs1270/simplelink_cc32xx_sdk_7_10_00_13/source\ti/devices/cc32xx/driverlib/gcc/Release/driverlib.a(uart.obj)
                0x2000a324                UARTBusy
 .text.UARTIntEnable
                0x2000a34a       0x26 C:/ti/ccs1270/simplelink_cc32xx_sdk_7_10_00_13/source\ti/devices/cc32xx/driverlib/gcc/Release/driverlib.a(uart.obj)
                0x2000a34a                UARTIntEnable
 .text.UARTIntDisable
                0x2000a370       0x26 C:/ti/ccs1270/simplelink_cc32xx_sdk_7_10_00_13/source\ti/devices/cc32xx/driverlib/gcc/Release/driverlib.a(uart.obj)
                0x2000a370                UARTIntDisable
 .text.UARTIntStatus
                0x2000a396       0x2a C:/ti/ccs1270/simplelink_cc32xx_sdk_7_10_00_13/source\ti/devices/cc32xx/driverlib/gcc/Release/driverlib.a(uart.obj)
                0x2000a396                UARTIntStatus
 .text.UARTIntClear
                0x2000a3c0       0x1e C:/ti/ccs1270/simplelink_cc32xx_sdk_7_10_00_13/source\ti/devices/cc32xx/driverlib/gcc/Release/driverlib.a(uart.obj)
                0x2000a3c0                UARTIntClear
 .text.UARTDMAEnable
                0x2000a3de       0x26 C:/ti/ccs1270/simplelink_cc32xx_sdk_7_10_00_13/source\ti/devices/cc32xx/driverlib/gcc/Release/driverlib.a(uart.obj)
                0x2000a3de                UARTDMAEnable
 .text.UARTDMADisable
                0x2000a404       0x26 C:/ti/ccs1270/simplelink_cc32xx_sdk_7_10_00_13/source\ti/devices/cc32xx/driverlib/gcc/Release/driverlib.a(uart.obj)
                0x2000a404                UARTDMADisable
 .text.UARTRxErrorGet
                0x2000a42a       0x1c C:/ti/ccs1270/simplelink_cc32xx_sdk_7_10_00_13/source\ti/devices/cc32xx/driverlib/gcc/Release/driverlib.a(uart.obj)
                0x2000a42a                UARTRxErrorGet
 *fill*         0x2000a446        0x2 
 .text.uDMAEnable
                0x2000a448       0x18 C:/ti/ccs1270/simplelink_cc32xx_sdk_7_10_00_13/source\ti/devices/cc32xx/driverlib/gcc/Release/driverlib.a(udma.obj)
                0x2000a448                uDMAEnable
 .text.uDMAErrorStatusGet
                0x2000a460       0x14 C:/ti/ccs1270/simplelink_cc32xx_sdk_7_10_00_13/source\ti/devices/cc32xx/driverlib/gcc/Release/driverlib.a(udma.obj)
                0x2000a460                uDMAErrorStatusGet
 .text.uDMAErrorStatusClear
                0x2000a474       0x18 C:/ti/ccs1270/simplelink_cc32xx_sdk_7_10_00_13/source\ti/devices/cc32xx/driverlib/gcc/Release/driverlib.a(udma.obj)
                0x2000a474                uDMAErrorStatusClear
 .text.uDMAChannelEnable
                0x2000a48c       0x24 C:/ti/ccs1270/simplelink_cc32xx_sdk_7_10_00_13/source\ti/devices/cc32xx/driverlib/gcc/Release/driverlib.a(udma.obj)
                0x2000a48c                uDMAChannelEnable
 .text.uDMAChannelDisable
                0x2000a4b0       0x24 C:/ti/ccs1270/simplelink_cc32xx_sdk_7_10_00_13/source\ti/devices/cc32xx/driverlib/gcc/Release/driverlib.a(udma.obj)
                0x2000a4b0                uDMAChannelDisable
 .text.uDMAChannelIsEnabled
                0x2000a4d4       0x34 C:/ti/ccs1270/simplelink_cc32xx_sdk_7_10_00_13/source\ti/devices/cc32xx/driverlib/gcc/Release/driverlib.a(udma.obj)
                0x2000a4d4                uDMAChannelIsEnabled
 .text.uDMAControlBaseSet
                0x2000a508       0x1c C:/ti/ccs1270/simplelink_cc32xx_sdk_7_10_00_13/source\ti/devices/cc32xx/driverlib/gcc/Release/driverlib.a(udma.obj)
                0x2000a508                uDMAControlBaseSet
 .text.uDMAChannelAttributeDisable
                0x2000a524       0x7c C:/ti/ccs1270/simplelink_cc32xx_sdk_7_10_00_13/source\ti/devices/cc32xx/driverlib/gcc/Release/driverlib.a(udma.obj)
                0x2000a524                uDMAChannelAttributeDisable
 .text.uDMAChannelControlSet
                0x2000a5a0       0x48 C:/ti/ccs1270/simplelink_cc32xx_sdk_7_10_00_13/source\ti/devices/cc32xx/driverlib/gcc/Release/driverlib.a(udma.obj)
                0x2000a5a0                uDMAChannelControlSet
 .text.uDMAChannelTransferSet
                0x2000a5e8      0x104 C:/ti/ccs1270/simplelink_cc32xx_sdk_7_10_00_13/source\ti/devices/cc32xx/driverlib/gcc/Release/driverlib.a(udma.obj)
                0x2000a5e8                uDMAChannelTransferSet
 .text.uDMAChannelSizeGet
                0x2000a6ec       0x48 C:/ti/ccs1270/simplelink_cc32xx_sdk_7_10_00_13/source\ti/devices/cc32xx/driverlib/gcc/Release/driverlib.a(udma.obj)
                0x2000a6ec                uDMAChannelSizeGet
 .text.uDMAIntClear
                0x2000a734       0x1c C:/ti/ccs1270/simplelink_cc32xx_sdk_7_10_00_13/source\ti/devices/cc32xx/driverlib/gcc/Release/driverlib.a(udma.obj)
                0x2000a734                uDMAIntClear
 .text.uDMAChannelAssign
                0x2000a750       0x58 C:/ti/ccs1270/simplelink_cc32xx_sdk_7_10_00_13/source\ti/devices/cc32xx/driverlib/gcc/Release/driverlib.a(udma.obj)
                0x2000a750                uDMAChannelAssign
 .text.UtilsDelay
                0x2000a7a8        0xa C:/ti/ccs1270/simplelink_cc32xx_sdk_7_10_00_13/source\ti/devices/cc32xx/driverlib/gcc/Release/driverlib.a(utils.obj)
                0x2000a7a8                UtilsDelay
 *fill*         0x2000a7b2        0x2 
 .text.FlashDisable
                0x2000a7b4       0x50 C:/ti/ccs1270/simplelink_cc32xx_sdk_7_10_00_13/source\ti/devices/cc32xx/driverlib/gcc/Release/driverlib.a(flash.obj)
                0x2000a7b4                FlashDisable
 .text.malloc   0x2000a804       0x10 C:/ti/ccs1220/ccs/tools/compiler/gcc-arm-none-eabi-9-2019-q4-major/arm-none-eabi/lib/thumb/v7e-m/nofp\libc_nano.a(lib_a-malloc.o)
                0x2000a804                malloc
 .text.free     0x2000a814       0x10 C:/ti/ccs1220/ccs/tools/compiler/gcc-arm-none-eabi-9-2019-q4-major/arm-none-eabi/lib/thumb/v7e-m/nofp\libc_nano.a(lib_a-malloc.o)
                0x2000a814                free
 .text.memcpy   0x2000a824       0x1c C:/ti/ccs1220/ccs/tools/compiler/gcc-arm-none-eabi-9-2019-q4-major/arm-none-eabi/lib/thumb/v7e-m/nofp\libc_nano.a(lib_a-memcpy-stub.o)
                0x2000a824                memcpy
 .text.memset   0x2000a840       0x10 C:/ti/ccs1220/ccs/tools/compiler/gcc-arm-none-eabi-9-2019-q4-major/arm-none-eabi/lib/thumb/v7e-m/nofp\libc_nano.a(lib_a-memset.o)
                0x2000a840                memset
 .text._free_r  0x2000a850       0x9c C:/ti/ccs1220/ccs/tools/compiler/gcc-arm-none-eabi-9-2019-q4-major/arm-none-eabi/lib/thumb/v7e-m/nofp\libc_nano.a(lib_a-nano-freer.o)
                0x2000a850                _free_r
 .text._malloc_r
                0x2000a8ec       0xb4 C:/ti/ccs1220/ccs/tools/compiler/gcc-arm-none-eabi-9-2019-q4-major/arm-none-eabi/lib/thumb/v7e-m/nofp\libc_nano.a(lib_a-nano-mallocr.o)
                0x2000a8ec                _malloc_r
 .text._sbrk_r  0x2000a9a0       0x20 C:/ti/ccs1220/ccs/tools/compiler/gcc-arm-none-eabi-9-2019-q4-major/arm-none-eabi/lib/thumb/v7e-m/nofp\libc_nano.a(lib_a-sbrkr.o)
                0x2000a9a0                _sbrk_r
 .text.snprintf
                0x2000a9c0       0x68 C:/ti/ccs1220/ccs/tools/compiler/gcc-arm-none-eabi-9-2019-q4-major/arm-none-eabi/lib/thumb/v7e-m/nofp\libc_nano.a(lib_a-snprintf.o)
                0x2000a9c0                sniprintf
                0x2000a9c0                snprintf
 .text.__malloc_lock
                0x2000aa28        0xc C:/ti/ccs1220/ccs/tools/compiler/gcc-arm-none-eabi-9-2019-q4-major/arm-none-eabi/lib/thumb/v7e-m/nofp\libc_nano.a(lib_a-mlock.o)
                0x2000aa28                __malloc_lock
 .text.__malloc_unlock
                0x2000aa34        0xc C:/ti/ccs1220/ccs/tools/compiler/gcc-arm-none-eabi-9-2019-q4-major/arm-none-eabi/lib/thumb/v7e-m/nofp\libc_nano.a(lib_a-mlock.o)
                0x2000aa34                __malloc_unlock
 .text.__ssputs_r
                0x2000aa40       0xb6 C:/ti/ccs1220/ccs/tools/compiler/gcc-arm-none-eabi-9-2019-q4-major/arm-none-eabi/lib/thumb/v7e-m/nofp\libc_nano.a(lib_a-nano-svfprintf.o)
                0x2000aa40                __ssputs_r
 *fill*         0x2000aaf6        0x2 
 .text._svfprintf_r
                0x2000aaf8      0x200 C:/ti/ccs1220/ccs/tools/compiler/gcc-arm-none-eabi-9-2019-q4-major/arm-none-eabi/lib/thumb/v7e-m/nofp\libc_nano.a(lib_a-nano-svfprintf.o)
                0x2000aaf8                _svfiprintf_r
                0x2000aaf8                _svfprintf_r
 .text._printf_common
                0x2000acf8       0xda C:/ti/ccs1220/ccs/tools/compiler/gcc-arm-none-eabi-9-2019-q4-major/arm-none-eabi/lib/thumb/v7e-m/nofp\libc_nano.a(lib_a-nano-vfprintf_i.o)
                0x2000acf8                _printf_common
 *fill*         0x2000add2        0x2 
 .text._printf_i
                0x2000add4      0x24c C:/ti/ccs1220/ccs/tools/compiler/gcc-arm-none-eabi-9-2019-q4-major/arm-none-eabi/lib/thumb/v7e-m/nofp\libc_nano.a(lib_a-nano-vfprintf_i.o)
                0x2000add4                _printf_i
 .text.__retarget_lock_acquire_recursive
                0x2000b020        0x2 C:/ti/ccs1220/ccs/tools/compiler/gcc-arm-none-eabi-9-2019-q4-major/arm-none-eabi/lib/thumb/v7e-m/nofp\libc_nano.a(lib_a-lock.o)
                0x2000b020                __retarget_lock_acquire_recursive
 .text.__retarget_lock_release_recursive
                0x2000b022        0x2 C:/ti/ccs1220/ccs/tools/compiler/gcc-arm-none-eabi-9-2019-q4-major/arm-none-eabi/lib/thumb/v7e-m/nofp\libc_nano.a(lib_a-lock.o)
                0x2000b022                __retarget_lock_release_recursive
 .text.memmove  0x2000b024       0x34 C:/ti/ccs1220/ccs/tools/compiler/gcc-arm-none-eabi-9-2019-q4-major/arm-none-eabi/lib/thumb/v7e-m/nofp\libc_nano.a(lib_a-memmove.o)
                0x2000b024                memmove
 .text._realloc_r
                0x2000b058       0x4c C:/ti/ccs1220/ccs/tools/compiler/gcc-arm-none-eabi-9-2019-q4-major/arm-none-eabi/lib/thumb/v7e-m/nofp\libc_nano.a(lib_a-nano-reallocr.o)
                0x2000b058                _realloc_r
 .text._malloc_usable_size_r
                0x2000b0a4       0x10 C:/ti/ccs1220/ccs/tools/compiler/gcc-arm-none-eabi-9-2019-q4-major/arm-none-eabi/lib/thumb/v7e-m/nofp\libc_nano.a(lib_a-nano-msizer.o)
                0x2000b0a4                _malloc_usable_size_r
 .text._sbrk    0x2000b0b4       0x1c C:/ti/ccs1220/ccs/tools/compiler/gcc-arm-none-eabi-9-2019-q4-major/arm-none-eabi/lib/thumb/v7e-m/nofp\libnosys.a(sbrk.o)
                0x2000b0b4                _sbrk
                0x2000b0d0                . = ALIGN (0x4)
 *(.ctors)
                0x2000b0d0                . = ALIGN (0x4)
 *(.dtors)
                0x2000b0d0                . = ALIGN (0x4)
                0x2000b0d0                __init_array_start = .
 *(.init_array*)
                0x2000b0d0                __init_array_end = .
 *(.init)
 *(.fini*)
                [!provide]                PROVIDE (__etext = .)
                [!provide]                PROVIDE (_etext = .)
                [!provide]                PROVIDE (etext = .)

.glue_7         0x2000b0d0        0x0
 .glue_7        0x2000b0d0        0x0 linker stubs

.glue_7t        0x2000b0d0        0x0
 .glue_7t       0x2000b0d0        0x0 linker stubs

.vfp11_veneer   0x2000b0d0        0x0
 .vfp11_veneer  0x2000b0d0        0x0 linker stubs

.v4_bx          0x2000b0d0        0x0
 .v4_bx         0x2000b0d0        0x0 linker stubs

.iplt           0x2000b0d0        0x0
 .iplt          0x2000b0d0        0x0 ./gpiointerrupt.o

.rodata         0x2000b0d0      0x65b
 *(.rodata)
 .rodata        0x2000b0d0       0x30 ./gpiointerrupt.o
 *(.rodata*)
 .rodata.controlHeatingSystem.str1.4
                0x2000b100       0x45 ./gpiointerrupt.o
 *fill*         0x2000b145        0x3 
 .rodata.updateRoomTemperature.str1.4
                0x2000b148       0x70 ./gpiointerrupt.o
 .rodata.initI2C.str1.4
                0x2000b1b8       0xa9 ./gpiointerrupt.o
 *fill*         0x2000b261        0x3 
 .rodata.str1.4
                0x2000b264        0xc ./gpiointerrupt.o
 .rodata.tempSensors
                0x2000b270       0x18 ./gpiointerrupt.o
 .rodata.GPIO_config
                0x2000b288       0x10 ./syscfg/ti_drivers_config.o
                0x2000b288                GPIO_config
 .rodata.GPIO_pinUpperBound
                0x2000b298        0x1 ./syscfg/ti_drivers_config.o
                0x2000b298                GPIO_pinUpperBound
 *fill*         0x2000b299        0x3 
 .rodata.I2C_config
                0x2000b29c        0x8 ./syscfg/ti_drivers_config.o
                0x2000b29c                I2C_config
 .rodata.I2C_count
                0x2000b2a4        0x1 ./syscfg/ti_drivers_config.o
                0x2000b2a4                I2C_count
 *fill*         0x2000b2a5        0x3 
 .rodata.PowerCC32XX_config
                0x2000b2a8       0x44 ./syscfg/ti_drivers_config.o
                0x2000b2a8                PowerCC32XX_config
 .rodata.Timer_config
                0x2000b2ec        0x8 ./syscfg/ti_drivers_config.o
                0x2000b2ec                Timer_config
 .rodata.Timer_count
                0x2000b2f4        0x1 ./syscfg/ti_drivers_config.o
                0x2000b2f4                Timer_count
 *fill*         0x2000b2f5        0x3 
 .rodata.UART2_config
                0x2000b2f8        0x8 ./syscfg/ti_drivers_config.o
                0x2000b2f8                UART2_config
 .rodata.UART2_count
                0x2000b300        0x1 ./syscfg/ti_drivers_config.o
                0x2000b300                UART2_count
 *fill*         0x2000b301        0x3 
 .rodata.UDMACC32XX_config
                0x2000b304        0x8 ./syscfg/ti_drivers_config.o
                0x2000b304                UDMACC32XX_config
 .rodata.i2cCC32XXHWAttrs
                0x2000b30c       0x14 ./syscfg/ti_drivers_config.o
                0x2000b30c                i2cCC32XXHWAttrs
 .rodata.timerCC32XXHWAttrs
                0x2000b320       0x10 ./syscfg/ti_drivers_config.o
                0x2000b320                timerCC32XXHWAttrs
 .rodata.uart2CC32XXHWAttrs0
                0x2000b330       0x38 ./syscfg/ti_drivers_config.o
 .rodata.udmaCC3220SHWAttrs
                0x2000b368        0xc ./syscfg/ti_drivers_config.o
                0x2000b368                udmaCC3220SHWAttrs
 .rodata.pinTable
                0x2000b374       0x21 C:/ti/ccs1270/simplelink_cc32xx_sdk_7_10_00_13/source\ti/drivers/lib/gcc/m4/drivers_cc32xx.a(GPIOCC32XX.c.obj)
 *fill*         0x2000b395        0x3 
 .rodata.portConfigs
                0x2000b398       0x28 C:/ti/ccs1270/simplelink_cc32xx_sdk_7_10_00_13/source\ti/drivers/lib/gcc/m4/drivers_cc32xx.a(GPIOCC32XX.c.obj)
 .rodata.I2C_defaultParams
                0x2000b3c0       0x10 C:/ti/ccs1270/simplelink_cc32xx_sdk_7_10_00_13/source\ti/drivers/lib/gcc/m4/drivers_cc32xx.a(I2CCC32XX.c.obj)
 .rodata.defaultParams
                0x2000b3d0        0xc C:/ti/ccs1270/simplelink_cc32xx_sdk_7_10_00_13/source\ti/drivers/lib/gcc/m4/drivers_cc32xx.a(Timer.c.obj)
 .rodata.defaultParams
                0x2000b3dc        0xc C:/ti/ccs1270/simplelink_cc32xx_sdk_7_10_00_13/source\ti/drivers/lib/gcc/m4/drivers_cc32xx.a(TimerCC32XX.c.obj)
 .rodata.UART2_defaultParams
                0x2000b3e8       0x24 C:/ti/ccs1270/simplelink_cc32xx_sdk_7_10_00_13/source\ti/drivers/lib/gcc/m4/drivers_cc32xx.a(UART2.c.obj)
                0x2000b3e8                UART2_defaultParams
 .rodata.dataLength
                0x2000b40c        0x4 C:/ti/ccs1270/simplelink_cc32xx_sdk_7_10_00_13/source\ti/drivers/lib/gcc/m4/drivers_cc32xx.a(UART2CC32XX.c.obj)
 .rodata.parityType
                0x2000b410        0x5 C:/ti/ccs1270/simplelink_cc32xx_sdk_7_10_00_13/source\ti/drivers/lib/gcc/m4/drivers_cc32xx.a(UART2CC32XX.c.obj)
 *fill*         0x2000b415        0x3 
 .rodata.stopBits
                0x2000b418        0x2 C:/ti/ccs1270/simplelink_cc32xx_sdk_7_10_00_13/source\ti/drivers/lib/gcc/m4/drivers_cc32xx.a(UART2CC32XX.c.obj)
 *fill*         0x2000b41a        0x2 
 .rodata.g_pulRegs
                0x2000b41c       0xd4 C:/ti/ccs1270/simplelink_cc32xx_sdk_7_10_00_13/source\ti/devices/cc32xx/driverlib/gcc/Release/driverlib.a(interrupt.obj)
 .rodata.g_pulEnRegs
                0x2000b4f0       0x18 C:/ti/ccs1270/simplelink_cc32xx_sdk_7_10_00_13/source\ti/devices/cc32xx/driverlib/gcc/Release/driverlib.a(interrupt.obj)
 .rodata.g_pulDisRegs
                0x2000b508       0x18 C:/ti/ccs1270/simplelink_cc32xx_sdk_7_10_00_13/source\ti/devices/cc32xx/driverlib/gcc/Release/driverlib.a(interrupt.obj)
 .rodata.g_pulPendRegs
                0x2000b520       0x18 C:/ti/ccs1270/simplelink_cc32xx_sdk_7_10_00_13/source\ti/devices/cc32xx/driverlib/gcc/Release/driverlib.a(interrupt.obj)
 .rodata.g_pulUnpendRegs
                0x2000b538       0x18 C:/ti/ccs1270/simplelink_cc32xx_sdk_7_10_00_13/source\ti/devices/cc32xx/driverlib/gcc/Release/driverlib.a(interrupt.obj)
 .rodata.g_ulPinToPadMap
                0x2000b550      0x100 C:/ti/ccs1270/simplelink_cc32xx_sdk_7_10_00_13/source\ti/devices/cc32xx/driverlib/gcc/Release/driverlib.a(pin.obj)
 .rodata.PRCM_PeriphRegsList
                0x2000b650       0xa8 C:/ti/ccs1270/simplelink_cc32xx_sdk_7_10_00_13/source\ti/devices/cc32xx/driverlib/gcc/Release/driverlib.a(prcm.obj)
 .rodata._svfprintf_r.str1.1
                0x2000b6f8       0x11 C:/ti/ccs1220/ccs/tools/compiler/gcc-arm-none-eabi-9-2019-q4-major/arm-none-eabi/lib/thumb/v7e-m/nofp\libc_nano.a(lib_a-nano-svfprintf.o)
 .rodata._printf_i.str1.1
                0x2000b709       0x22 C:/ti/ccs1220/ccs/tools/compiler/gcc-arm-none-eabi-9-2019-q4-major/arm-none-eabi/lib/thumb/v7e-m/nofp\libc_nano.a(lib_a-nano-vfprintf_i.o)

.data           0x2000b72c      0x360
                0x2000b72c                __data_load__ = LOADADDR (.data)
                0x2000b72c                __data_start__ = .
 *(.data)
 *(.data*)
 .data.tempThreshold
                0x2000b72c        0x2 ./gpiointerrupt.o
                0x2000b72c                tempThreshold
 *fill*         0x2000b72e        0x2 
 .data.gpioPinConfigs
                0x2000b730       0x84 ./syscfg/ti_drivers_config.o
                0x2000b730                gpioPinConfigs
 .data.parkInfo
                0x2000b7b4       0xf8 ./syscfg/ti_drivers_config.o
                0x2000b7b4                parkInfo
 .data.PowerCC32XX_module
                0x2000b8ac      0x16c C:/ti/ccs1270/simplelink_cc32xx_sdk_7_10_00_13/source\ti/drivers/lib/gcc/m4/drivers_cc32xx.a(PowerCC32XX.c.obj)
                0x2000b8ac                PowerCC32XX_module
 .data.SemaphoreP_defaultParams
                0x2000ba18        0x8 C:/ti/ccs1270/simplelink_cc32xx_sdk_7_10_00_13/kernel/nortos\lib/gcc/m4/nortos_cc32xx.a(SemaphoreP_nortos.c.obj)
                0x2000ba18                SemaphoreP_defaultParams
 .data.ClockP_tickPeriod
                0x2000ba20        0x4 C:/ti/ccs1270/simplelink_cc32xx_sdk_7_10_00_13/kernel/nortos\lib/gcc/m4/nortos_cc32xx.a(ClockPSysTick_nortos.c.obj)
                0x2000ba20                ClockP_tickPeriod
 .data.HwiP_swiPIntNum
                0x2000ba24        0x4 C:/ti/ccs1270/simplelink_cc32xx_sdk_7_10_00_13/kernel/nortos\lib/gcc/m4/nortos_cc32xx.a(HwiPCC32XX_nortos.c.obj)
                0x2000ba24                HwiP_swiPIntNum
 .data._impure_ptr
                0x2000ba28        0x4 C:/ti/ccs1220/ccs/tools/compiler/gcc-arm-none-eabi-9-2019-q4-major/arm-none-eabi/lib/thumb/v7e-m/nofp\libc_nano.a(lib_a-impure.o)
                0x2000ba28                _impure_ptr
 .data.impure_data
                0x2000ba2c       0x60 C:/ti/ccs1220/ccs/tools/compiler/gcc-arm-none-eabi-9-2019-q4-major/arm-none-eabi/lib/thumb/v7e-m/nofp\libc_nano.a(lib_a-impure.o)
                0x2000ba8c                . = ALIGN (0x4)
                0x2000ba8c                __data_end__ = .

.igot.plt       0x2000ba8c        0x0
 .igot.plt      0x2000ba8c        0x0 ./gpiointerrupt.o

.ARM.exidx      0x2000ba8c        0x8
                0x2000ba8c                __exidx_start = .
 *(.ARM.exidx* .gnu.linkonce.armexidx.*)
 .ARM.exidx     0x2000ba8c        0x8 c:/ti/ccs1220/ccs/tools/compiler/gcc-arm-none-eabi-9-2019-q4-major/bin/../lib/gcc/arm-none-eabi/9.2.1/thumb/v7e-m/nofp\libgcc.a(_udivmoddi4.o)
                0x2000ba94                __exidx_end = .

.rel.dyn        0x2000ba94        0x0
 .rel.iplt      0x2000ba94        0x0 ./gpiointerrupt.o

.ARM.extab
 *(.ARM.extab* .gnu.linkonce.armextab.*)

.bss            0x2000bc00     0x1180
                0x2000bc00                __bss_start__ = .
 *(.shbss)
 *(.bss)
 *(.bss.*)
 .bss.elapsedTime
                0x2000bc00        0x4 ./gpiointerrupt.o
                0x2000bc00                elapsedTime
 .bss.roomTemp  0x2000bc04        0x2 ./gpiointerrupt.o
                0x2000bc04                roomTemp
 .bss.timerExpiredFlag
                0x2000bc06        0x1 ./gpiointerrupt.o
                0x2000bc06                timerExpiredFlag
 *fill*         0x2000bc07      0x3f9 
 .bss.dmaControlTable
                0x2000c000      0x400 ./syscfg/ti_drivers_config.o
 .bss.uart2RxRingBuffer0
                0x2000c400       0x20 ./syscfg/ti_drivers_config.o
 .bss.uart2TxRingBuffer0
                0x2000c420       0x20 ./syscfg/ti_drivers_config.o
 .bss.initCalled
                0x2000c440        0x1 C:/ti/ccs1270/simplelink_cc32xx_sdk_7_10_00_13/source\ti/drivers/lib/gcc/m4/drivers_cc32xx.a(GPIOCC32XX.c.obj)
 *fill*         0x2000c441        0x3 
 .bss.initSem.4818
                0x2000c444        0x4 C:/ti/ccs1270/simplelink_cc32xx_sdk_7_10_00_13/source\ti/drivers/lib/gcc/m4/drivers_cc32xx.a(GPIOCC32XX.c.obj)
 .bss.portHwiCreatedBitMask
                0x2000c448        0x1 C:/ti/ccs1270/simplelink_cc32xx_sdk_7_10_00_13/source\ti/drivers/lib/gcc/m4/drivers_cc32xx.a(GPIOCC32XX.c.obj)
 *fill*         0x2000c449        0x3 
 .bss.powerNotifyObj
                0x2000c44c       0x14 C:/ti/ccs1270/simplelink_cc32xx_sdk_7_10_00_13/source\ti/drivers/lib/gcc/m4/drivers_cc32xx.a(GPIOCC32XX.c.obj)
 .bss.timerState
                0x2000c460        0x4 C:/ti/ccs1270/simplelink_cc32xx_sdk_7_10_00_13/source\ti/drivers/lib/gcc/m4/drivers_cc32xx.a(TimerCC32XX.c.obj)
 .bss.dmaInitialized
                0x2000c464        0x1 C:/ti/ccs1270/simplelink_cc32xx_sdk_7_10_00_13/source\ti/drivers/lib/gcc/m4/drivers_cc32xx.a(UDMACC32XX.c.obj)
 *fill*         0x2000c465        0x3 
 .bss.postNotifyObj
                0x2000c468       0x14 C:/ti/ccs1270/simplelink_cc32xx_sdk_7_10_00_13/source\ti/drivers/lib/gcc/m4/drivers_cc32xx.a(UDMACC32XX.c.obj)
 .bss.refCount  0x2000c47c        0x4 C:/ti/ccs1270/simplelink_cc32xx_sdk_7_10_00_13/source\ti/drivers/lib/gcc/m4/drivers_cc32xx.a(UDMACC32XX.c.obj)
 .bss.SemaphoreP_initialized
                0x2000c480        0x1 C:/ti/ccs1270/simplelink_cc32xx_sdk_7_10_00_13/kernel/nortos\lib/gcc/m4/nortos_cc32xx.a(SemaphoreP_nortos.c.obj)
 .bss.doEnablePolicy
                0x2000c481        0x1 C:/ti/ccs1270/simplelink_cc32xx_sdk_7_10_00_13/kernel/nortos\lib/gcc/m4/nortos_cc32xx.a(SemaphoreP_nortos.c.obj)
 .bss.pendInProgress
                0x2000c482        0x1 C:/ti/ccs1270/simplelink_cc32xx_sdk_7_10_00_13/kernel/nortos\lib/gcc/m4/nortos_cc32xx.a(SemaphoreP_nortos.c.obj)
 .bss.ClockP_initialized
                0x2000c483        0x1 C:/ti/ccs1270/simplelink_cc32xx_sdk_7_10_00_13/kernel/nortos\lib/gcc/m4/nortos_cc32xx.a(ClockPSysTick_nortos.c.obj)
 .bss.sysTickPeriod
                0x2000c484        0x4 C:/ti/ccs1270/simplelink_cc32xx_sdk_7_10_00_13/kernel/nortos\lib/gcc/m4/nortos_cc32xx.a(ClockPSysTick_nortos.c.obj)
 .bss.HwiP_dispatchTable
                0x2000c488      0x30c C:/ti/ccs1270/simplelink_cc32xx_sdk_7_10_00_13/kernel/nortos\lib/gcc/m4/nortos_cc32xx.a(HwiPCC32XX_nortos.c.obj)
 .bss.SwiP_lockState
                0x2000c794        0x4 C:/ti/ccs1270/simplelink_cc32xx_sdk_7_10_00_13/kernel/nortos\lib/gcc/m4/nortos_cc32xx.a(SwiP_nortos.c.obj)
 .bss.SwiP_readyMask
                0x2000c798        0x4 C:/ti/ccs1270/simplelink_cc32xx_sdk_7_10_00_13/kernel/nortos\lib/gcc/m4/nortos_cc32xx.a(SwiP_nortos.c.obj)
 .bss.SwiP_schedulerRunning
                0x2000c79c        0x1 C:/ti/ccs1270/simplelink_cc32xx_sdk_7_10_00_13/kernel/nortos\lib/gcc/m4/nortos_cc32xx.a(SwiP_nortos.c.obj)
 *fill*         0x2000c79d        0x3 
 .bss.__malloc_free_list
                0x2000c7a0        0x4 C:/ti/ccs1220/ccs/tools/compiler/gcc-arm-none-eabi-9-2019-q4-major/arm-none-eabi/lib/thumb/v7e-m/nofp\libc_nano.a(lib_a-nano-mallocr.o)
                0x2000c7a0                __malloc_free_list
 .bss.__malloc_sbrk_start
                0x2000c7a4        0x4 C:/ti/ccs1220/ccs/tools/compiler/gcc-arm-none-eabi-9-2019-q4-major/arm-none-eabi/lib/thumb/v7e-m/nofp\libc_nano.a(lib_a-nano-mallocr.o)
                0x2000c7a4                __malloc_sbrk_start
 .bss.heap_end.4144
                0x2000c7a8        0x4 C:/ti/ccs1220/ccs/tools/compiler/gcc-arm-none-eabi-9-2019-q4-major/arm-none-eabi/lib/thumb/v7e-m/nofp\libnosys.a(sbrk.o)
 *(COMMON)
 COMMON         0x2000c7ac       0x80 ./gpiointerrupt.o
                0x2000c7ac                buttonState
                0x2000c7b0                dataToSend
                0x2000c7b4                heatingState
                0x2000c7b8                serial
                0x2000c7bc                timerHandle
                0x2000c7c0                i2cTrans
                0x2000c7e0                transmitBuffer
                0x2000c7e4                messageBuffer
                0x2000c824                receiveBuffer
                0x2000c826                sensorState
                0x2000c828                i2cHandle
 COMMON         0x2000c82c      0x408 ./syscfg/ti_drivers_config.o
                0x2000c82c                gpioCallbackFunctions
                0x2000c8b0                uart2CC32XXObjects0
                0x2000ca28                udmaCC3220SObject
                0x2000ca30                timerCC32XXObjects
                0x2000cab4                i2cCC32XXObjects
                0x2000cbb0                gpioUserArgs
 COMMON         0x2000cc34      0x12c C:/ti/ccs1270/simplelink_cc32xx_sdk_7_10_00_13/source\ti/drivers/lib/gcc/m4/drivers_cc32xx.a(PowerCC32XX.c.obj)
                0x2000cc34                PowerCC32XX_contextSave
 COMMON         0x2000cd60       0x10 C:/ti/ccs1270/simplelink_cc32xx_sdk_7_10_00_13/kernel/nortos\lib/gcc/m4/nortos_cc32xx.a(ClockPSysTick_nortos.c.obj)
                0x2000cd60                ClockP_ctrl
 COMMON         0x2000cd70        0x4 C:/ti/ccs1220/ccs/tools/compiler/gcc-arm-none-eabi-9-2019-q4-major/arm-none-eabi/lib/thumb/v7e-m/nofp\libc_nano.a(lib_a-reent.o)
                0x2000cd70                errno
 COMMON         0x2000cd74        0x9 C:/ti/ccs1220/ccs/tools/compiler/gcc-arm-none-eabi-9-2019-q4-major/arm-none-eabi/lib/thumb/v7e-m/nofp\libc_nano.a(lib_a-lock.o)
                0x2000cd74                __lock___atexit_recursive_mutex
                0x2000cd75                __lock___arc4random_mutex
                0x2000cd76                __lock___env_recursive_mutex
                0x2000cd77                __lock___sinit_recursive_mutex
                0x2000cd78                __lock___malloc_recursive_mutex
                0x2000cd79                __lock___at_quick_exit_mutex
                0x2000cd7a                __lock___dd_hash_mutex
                0x2000cd7b                __lock___tz_mutex
                0x2000cd7c                __lock___sfp_recursive_mutex
                0x2000cd80                . = ALIGN (0x4)
 *fill*         0x2000cd7d        0x3 
                0x2000cd80                __bss_end__ = .

.heap           0x2000cd80     0x8000
                0x2000cd80                __heap_start__ = .
                0x2000cd80                end = __heap_start__
                0x2000cd80                _end = end
                0x2000cd80                __end = end
                0x20014d80                . = (. + HEAP_SIZE)
 *fill*         0x2000cd80     0x8000 
 *(.heap)
                0x20014d80                __heap_end__ = .
                0x20014d80                __HeapLimit = __heap_end__

.stack          0x20014d80     0x1000
                0x20014d80                _stack = .
                0x20014d80                __stack = .
 *(.stack)
                0x20015d80                . = (. + STACKSIZE)
 *fill*         0x20014d80     0x1000 
                0x20015d80                _stack_end = .
                0x20015d80                __stack_end = .

.log_data
 *(.log_data)

.log_ptr
 *(.log_ptr*)
LOAD C:/Users/Reece Filteau/workspace_v12/gpiointerrupt_CC3220S_LAUNCHXL_nortos_gcc/MCU+Image/syscfg\ti_utils_build_linker.cmd.genlibs
LOAD C:/ti/ccs1270/simplelink_cc32xx_sdk_7_10_00_13/source\ti/drivers/lib/gcc/m4/drivers_cc32xx.a
LOAD C:/ti/ccs1270/simplelink_cc32xx_sdk_7_10_00_13/source\ti/grlib/lib/gcc/m4/grlib.a
LOAD C:/ti/ccs1270/simplelink_cc32xx_sdk_7_10_00_13/kernel/nortos\lib/gcc/m4/nortos_cc32xx.a
LOAD C:/ti/ccs1270/simplelink_cc32xx_sdk_7_10_00_13/source\ti/devices/cc32xx/driverlib/gcc/Release/driverlib.a
LOAD c:/ti/ccs1220/ccs/tools/compiler/gcc-arm-none-eabi-9-2019-q4-major/bin/../lib/gcc/arm-none-eabi/9.2.1/thumb/v7e-m/nofp\libgcc.a
LOAD C:/ti/ccs1220/ccs/tools/compiler/gcc-arm-none-eabi-9-2019-q4-major/arm-none-eabi/lib/thumb/v7e-m/nofp\libc_nano.a
LOAD C:/ti/ccs1220/ccs/tools/compiler/gcc-arm-none-eabi-9-2019-q4-major/arm-none-eabi/lib/thumb/v7e-m/nofp\libm.a
LOAD C:/ti/ccs1220/ccs/tools/compiler/gcc-arm-none-eabi-9-2019-q4-major/arm-none-eabi/lib/thumb/v7e-m/nofp\libnosys.a
START GROUP
LOAD c:/ti/ccs1220/ccs/tools/compiler/gcc-arm-none-eabi-9-2019-q4-major/bin/../lib/gcc/arm-none-eabi/9.2.1/thumb/v7e-m/nofp\libgcc.a
LOAD C:/ti/ccs1220/ccs/tools/compiler/gcc-arm-none-eabi-9-2019-q4-major/arm-none-eabi/lib/thumb/v7e-m/nofp\libg_nano.a
LOAD C:/ti/ccs1220/ccs/tools/compiler/gcc-arm-none-eabi-9-2019-q4-major/arm-none-eabi/lib/thumb/v7e-m/nofp\libc_nano.a
END GROUP
START GROUP
LOAD c:/ti/ccs1220/ccs/tools/compiler/gcc-arm-none-eabi-9-2019-q4-major/bin/../lib/gcc/arm-none-eabi/9.2.1/thumb/v7e-m/nofp\libgcc.a
LOAD C:/ti/ccs1220/ccs/tools/compiler/gcc-arm-none-eabi-9-2019-q4-major/arm-none-eabi/lib/thumb/v7e-m/nofp\libc_nano.a
END GROUP
OUTPUT(gpiointerrupt_CC3220S_LAUNCHXL_nortos_gcc.out elf32-littlearm)

.debug_info     0x00000000    0x1db66
 .debug_info    0x00000000     0x1693 ./gpiointerrupt.o
 .debug_info    0x00001693     0x15ae ./syscfg/ti_drivers_config.o
 .debug_info    0x00002c41       0x82 ./main_nortos.o
 .debug_info    0x00002cc3      0xaa4 C:/ti/ccs1270/simplelink_cc32xx_sdk_7_10_00_13/source\ti/drivers/lib/gcc/m4/drivers_cc32xx.a(GPIO.c.obj)
 .debug_info    0x00003767     0x10c8 C:/ti/ccs1270/simplelink_cc32xx_sdk_7_10_00_13/source\ti/drivers/lib/gcc/m4/drivers_cc32xx.a(GPIOCC32XX.c.obj)
 .debug_info    0x0000482f     0x11d4 C:/ti/ccs1270/simplelink_cc32xx_sdk_7_10_00_13/source\ti/drivers/lib/gcc/m4/drivers_cc32xx.a(I2C.c.obj)
 .debug_info    0x00005a03     0x1eb3 C:/ti/ccs1270/simplelink_cc32xx_sdk_7_10_00_13/source\ti/drivers/lib/gcc/m4/drivers_cc32xx.a(I2CCC32XX.c.obj)
 .debug_info    0x000078b6     0x1f70 C:/ti/ccs1270/simplelink_cc32xx_sdk_7_10_00_13/source\ti/drivers/lib/gcc/m4/drivers_cc32xx.a(PowerCC32XX.c.obj)
 .debug_info    0x00009826     0x101d C:/ti/ccs1270/simplelink_cc32xx_sdk_7_10_00_13/source\ti/drivers/lib/gcc/m4/drivers_cc32xx.a(Timer.c.obj)
 .debug_info    0x0000a843     0x126b C:/ti/ccs1270/simplelink_cc32xx_sdk_7_10_00_13/source\ti/drivers/lib/gcc/m4/drivers_cc32xx.a(TimerCC32XX.c.obj)
 .debug_info    0x0000baae     0x2138 C:/ti/ccs1270/simplelink_cc32xx_sdk_7_10_00_13/source\ti/drivers/lib/gcc/m4/drivers_cc32xx.a(UART2.c.obj)
 .debug_info    0x0000dbe6     0x2db2 C:/ti/ccs1270/simplelink_cc32xx_sdk_7_10_00_13/source\ti/drivers/lib/gcc/m4/drivers_cc32xx.a(UART2CC32XX.c.obj)
 .debug_info    0x00010998      0xc58 C:/ti/ccs1270/simplelink_cc32xx_sdk_7_10_00_13/source\ti/drivers/lib/gcc/m4/drivers_cc32xx.a(List.c.obj)
 .debug_info    0x000115f0      0x811 C:/ti/ccs1270/simplelink_cc32xx_sdk_7_10_00_13/source\ti/drivers/lib/gcc/m4/drivers_cc32xx.a(RingBuf.c.obj)
 .debug_info    0x00011e01      0x632 C:/ti/ccs1270/simplelink_cc32xx_sdk_7_10_00_13/source\ti/drivers/lib/gcc/m4/drivers_cc32xx.a(UDMACC32XX.c.obj)
 .debug_info    0x00012433      0x1ec C:/ti/ccs1270/simplelink_cc32xx_sdk_7_10_00_13/kernel/nortos\lib/gcc/m4/nortos_cc32xx.a(NoRTOS.c.obj)
 .debug_info    0x0001261f     0x1498 C:/ti/ccs1270/simplelink_cc32xx_sdk_7_10_00_13/kernel/nortos\lib/gcc/m4/nortos_cc32xx.a(SemaphoreP_nortos.c.obj)
 .debug_info    0x00013ab7     0x1b01 C:/ti/ccs1270/simplelink_cc32xx_sdk_7_10_00_13/kernel/nortos\lib/gcc/m4/nortos_cc32xx.a(ClockPSysTick_nortos.c.obj)
 .debug_info    0x000155b8     0x17d2 C:/ti/ccs1270/simplelink_cc32xx_sdk_7_10_00_13/kernel/nortos\lib/gcc/m4/nortos_cc32xx.a(HwiPCC32XX_nortos.c.obj)
 .debug_info    0x00016d8a      0x8aa C:/ti/ccs1270/simplelink_cc32xx_sdk_7_10_00_13/kernel/nortos\lib/gcc/m4/nortos_cc32xx.a(PowerCC32XX_nortos.c.obj)
 .debug_info    0x00017634      0xb83 C:/ti/ccs1270/simplelink_cc32xx_sdk_7_10_00_13/kernel/nortos\lib/gcc/m4/nortos_cc32xx.a(startup_cc32xx_gcc.c.obj)
 .debug_info    0x000181b7     0x1a3a C:/ti/ccs1270/simplelink_cc32xx_sdk_7_10_00_13/kernel/nortos\lib/gcc/m4/nortos_cc32xx.a(SwiP_nortos.c.obj)
 .debug_info    0x00019bf1      0x109 C:/ti/ccs1270/simplelink_cc32xx_sdk_7_10_00_13/source\ti/devices/cc32xx/driverlib/gcc/Release/driverlib.a(cpu.obj)
 .debug_info    0x00019cfa      0x3e6 C:/ti/ccs1270/simplelink_cc32xx_sdk_7_10_00_13/source\ti/devices/cc32xx/driverlib/gcc/Release/driverlib.a(gpio.obj)
 .debug_info    0x0001a0e0      0xc41 C:/ti/ccs1270/simplelink_cc32xx_sdk_7_10_00_13/source\ti/devices/cc32xx/driverlib/gcc/Release/driverlib.a(i2c.obj)
 .debug_info    0x0001ad21      0x3a3 C:/ti/ccs1270/simplelink_cc32xx_sdk_7_10_00_13/source\ti/devices/cc32xx/driverlib/gcc/Release/driverlib.a(interrupt.obj)
 .debug_info    0x0001b0c4      0x545 C:/ti/ccs1270/simplelink_cc32xx_sdk_7_10_00_13/source\ti/devices/cc32xx/driverlib/gcc/Release/driverlib.a(pin.obj)
 .debug_info    0x0001b609      0xc9c C:/ti/ccs1270/simplelink_cc32xx_sdk_7_10_00_13/source\ti/devices/cc32xx/driverlib/gcc/Release/driverlib.a(prcm.obj)
 .debug_info    0x0001c2a5      0x10e C:/ti/ccs1270/simplelink_cc32xx_sdk_7_10_00_13/source\ti/devices/cc32xx/driverlib/gcc/Release/driverlib.a(systick.obj)
 .debug_info    0x0001c3b3      0x612 C:/ti/ccs1270/simplelink_cc32xx_sdk_7_10_00_13/source\ti/devices/cc32xx/driverlib/gcc/Release/driverlib.a(timer.obj)
 .debug_info    0x0001c9c5      0x89d C:/ti/ccs1270/simplelink_cc32xx_sdk_7_10_00_13/source\ti/devices/cc32xx/driverlib/gcc/Release/driverlib.a(uart.obj)
 .debug_info    0x0001d262      0x58d C:/ti/ccs1270/simplelink_cc32xx_sdk_7_10_00_13/source\ti/devices/cc32xx/driverlib/gcc/Release/driverlib.a(udma.obj)
 .debug_info    0x0001d7ef       0x52 C:/ti/ccs1270/simplelink_cc32xx_sdk_7_10_00_13/source\ti/devices/cc32xx/driverlib/gcc/Release/driverlib.a(utils.obj)
 .debug_info    0x0001d841      0x325 C:/ti/ccs1270/simplelink_cc32xx_sdk_7_10_00_13/source\ti/devices/cc32xx/driverlib/gcc/Release/driverlib.a(flash.obj)

.debug_abbrev   0x00000000     0x5af9
 .debug_abbrev  0x00000000      0x35e ./gpiointerrupt.o
 .debug_abbrev  0x0000035e      0x279 ./syscfg/ti_drivers_config.o
 .debug_abbrev  0x000005d7       0x43 ./main_nortos.o